Compiling 58 files with Solc 0.8.37
Solc 0.8.37 finished in 38.85s
Compiler run successful with warnings:
Warning (6335): "at" will be promoted to keyword in the future and will not be allowed as an identifier anymore.
  --> src/doom/p_switch.sol:76:9:
   |
76 |         uint256 at;
   |         ^^^^^^^^^^

Warning (6335): "at" will be promoted to keyword in the future and will not be allowed as an identifier anymore.
   --> src/doom/p_spec.sol:216:9:
    |
216 |         uint256 at;
    |         ^^^^^^^^^^

Warning (6335): "at" will be promoted to keyword in the future and will not be allowed as an identifier anymore.
   --> src/doom/p_spec.sol:383:9:
    |
383 |         uint256 at;
    |         ^^^^^^^^^^

Warning (6335): "at" will be promoted to keyword in the future and will not be allowed as an identifier anymore.
   --> src/doom/p_maputl.sol:285:13:
    |
285 |             uint32 at = C.NULL;
    |             ^^^^^^^^^

Warning (2319): This declaration shadows a builtin symbol.
  --> src/doom/z_zone.sol:63:5:
   |
63 |     function block(ZoneState memory z, uint32 id) private pure returns (ZoneBlock memory b) {
   |     ^ (Relevant source part starts here and spans across multiple lines).

Warning (2319): This declaration shadows a builtin symbol.
   --> src/doom/p_maputl.sol:165:21:
    |
165 |                     uint32 block = uint32(by * c.state.blockmap.width + bx);
    |                     ^^^^^^^^^^^^

Warning (2319): This declaration shadows a builtin symbol.
   --> src/doom/p_enemy.sol:163:13:
    |
163 |             int32 tx = actor.x + info(c, id).speed * xspeed(actor.movedir);
    |             ^^^^^^^^

Warning (2519): This declaration shadows an existing declaration.
   --> src/doom/p_map.sol:407:17:
    |
407 |                 int32 frac = hit.frac - F.FixedDiv(4 * 65536, c.move.attackrange);
    |                 ^^^^^^^^^^
Note: The shadowed declaration is here:
   --> src/doom/p_map.sol:427:13:
    |
427 |             int32 frac = hit.frac - F.FixedDiv(10 * 65536, c.move.attackrange);
    |             ^^^^^^^^^^

Warning (2519): This declaration shadows an existing declaration.
   --> src/doom/p_map.sol:408:17:
    |
408 |                 int32 x = c.path.trace.x + F.FixedMul(c.path.trace.dx, frac);
    |                 ^^^^^^^
Note: The shadowed declaration is here:
   --> src/doom/p_map.sol:428:13:
    |
428 |             int32 x = c.path.trace.x + F.FixedMul(c.path.trace.dx, frac);
    |             ^^^^^^^

Warning (2519): This declaration shadows an existing declaration.
   --> src/doom/p_map.sol:409:17:
    |
409 |                 int32 y = c.path.trace.y + F.FixedMul(c.path.trace.dy, frac);
    |                 ^^^^^^^
Note: The shadowed declaration is here:
   --> src/doom/p_map.sol:429:13:
    |
429 |             int32 y = c.path.trace.y + F.FixedMul(c.path.trace.dy, frac);
    |             ^^^^^^^

Warning (2519): This declaration shadows an existing declaration.
   --> src/doom/p_map.sol:410:17:
    |
410 |                 int32 z = c.move.shootz + F.FixedMul(c.move.aimslope, F.FixedMul(frac, c.move.attackrange));
    |                 ^^^^^^^
Note: The shadowed declaration is here:
   --> src/doom/p_map.sol:430:13:
    |
430 |             int32 z = c.move.shootz + F.FixedMul(c.move.aimslope, F.FixedMul(frac, c.move.attackrange));
    |             ^^^^^^^

Warning (2319): This declaration shadows a builtin symbol.
   --> src/doom/r_things.sol:145:13:
    |
145 |             int32 tx = -(M_Fixed.FixedMul(tr_y, c.rs.viewcos) - M_Fixed.FixedMul(tr_x, c.rs.viewsin));
    |             ^^^^^^^^

Warning (2319): This declaration shadows a builtin symbol.
   --> src/doom/r_things.sol:323:13:
    |
323 |             int32 tx = p.sx - 160 * 65536 - c.resources.spriteoffset[l];
    |             ^^^^^^^^

Warning (2018): Function state mutability can be restricted to pure
   --> src/doom/p_switch.sol:129:5:
    |
129 |     function P_UseSpecialLine(GameContext memory c, uint32 thing, uint32 line, int32 side)
    |     ^ (Relevant source part starts here and spans across multiple lines).

Warning (2018): Function state mutability can be restricted to pure
   --> src/doom/p_spec.sol:346:5:
    |
346 |     function P_SpawnSpecials(GameContext memory c) internal view {
    |     ^ (Relevant source part starts here and spans across multiple lines).

Warning (2018): Function state mutability can be restricted to pure
   --> src/doom/p_spec.sol:598:5:
    |
598 |     function P_ShootSpecialLine(GameContext memory c, uint32 thing, uint32 line) internal view {
    |     ^ (Relevant source part starts here and spans across multiple lines).

Warning (2018): Function state mutability can be restricted to pure
   --> src/doom/r_plane.sol:123:5:
    |
123 |     function R_MapPlane(RenderContext memory ctx, int32 y, int32 x1, int32 x2) internal view {
    |     ^ (Relevant source part starts here and spans across multiple lines).

Warning (2018): Function state mutability can be restricted to pure
   --> src/evm/DoomGame.sol:321:5:
    |
321 |     function bossFloor(GameContext memory c, int32 tag, FloorType kind) private view returns (bool) {
    |     ^ (Relevant source part starts here and spans across multiple lines).

