✔ nine-map package preserves accepted bundle and palette identities and exact golden catalog (175.962625ms)
✔ E1M1: all ten raw lumps have original IDs, names, offsets, bytes and checksums (129.782666ms)
✔ E1M2: all ten raw lumps have original IDs, names, offsets, bytes and checksums (144.481042ms)
✔ E1M3: all ten raw lumps have original IDs, names, offsets, bytes and checksums (144.355834ms)
✔ E1M4: all ten raw lumps have original IDs, names, offsets, bytes and checksums (138.608125ms)
✔ E1M5: all ten raw lumps have original IDs, names, offsets, bytes and checksums (131.912291ms)
✔ E1M6: all ten raw lumps have original IDs, names, offsets, bytes and checksums (147.878334ms)
✔ E1M7: all ten raw lumps have original IDs, names, offsets, bytes and checksums (165.497917ms)
✔ E1M8: all ten raw lumps have original IDs, names, offsets, bytes and checksums (129.051208ms)
✔ E1M9: all ten raw lumps have original IDs, names, offsets, bytes and checksums (143.621542ms)
✔ native C covers every map field, ten raw lumps and accepted shared resources (1909.863958ms)
✔ full catalog, bundle and blob verify by deterministic regeneration (1726.032333ms)
✔ forged catalog with freshly computed hashes cannot rebind E1M2 to E1M1 (1781.468292ms)
✔ valid-looking catalog cannot omit or reorder maps or change provenance (5567.958708ms)
✔ source corruption is rejected by WAD pin, bundle and blob verification (3809.317417ms)
✔ schema rejects unknown fields, other episodes, missing lumps, malformed hashes and signed offsets (34.37925ms)
✔ map-scoped parsing rejects E1M7 corruption without reading another maps geometry (10.979084ms)
✔ later duplicate map markers retain original last-match selection and strict relative layout (3.504959ms)
✔ complete minimal classic IWAD validates each resource family (1.594375ms)
✔ directory last-match uses original strncpy padding; raw names, duplicates and markers preserved (0.278958ms)
✔ rejects invalid WAD envelope without allocating from hostile counts (0.839042ms)
✔ rejects vertex record remainder (0.211042ms)
✔ rejects signed vertex reference (0.157ms)
✔ rejects oversized side reference (0.147042ms)
✔ rejects invalid negative side (0.454125ms)
✔ rejects two-sided absent back (0.192ms)
✔ rejects missing front side (0.153583ms)
✔ rejects side sector index (0.189916ms)
✔ rejects seg vertex index (0.183208ms)
✔ rejects seg line index (0.135959ms)
✔ rejects seg side domain (0.131ms)
✔ rejects seg absent back (0.138375ms)
✔ rejects subsector span (0.117167ms)
✔ rejects negative firstseg (0.109667ms)
✔ rejects empty subsector (0.101291ms)
✔ rejects node child index (0.178625ms)
✔ rejects leaf child index (0.137625ms)
✔ rejects BSP cycle (0.157625ms)
✔ rejects REJECT matrix (0.131583ms)
✔ rejects BLOCKMAP dimensions (0.153542ms)
✔ rejects BLOCKMAP negative offset (0.486792ms)
✔ rejects BLOCKMAP header offset (0.142458ms)
✔ rejects BLOCKMAP initial zero (0.12075ms)
✔ rejects BLOCKMAP linedef (0.111208ms)
✔ rejects BLOCKMAP terminator (0.124791ms)
✔ rejects PLAYPAL stride (0.756ms)
✔ rejects COLORMAP count (0.132583ms)
✔ rejects PNAMES count (0.132042ms)
✔ rejects PNAMES missing patch (0.130667ms)
✔ rejects TEXTURE count (0.103875ms)
✔ rejects TEXTURE offset (0.104042ms)
✔ rejects TEXTURE dimensions (0.126167ms)
✔ rejects TEXTURE patch count (0.106458ms)
✔ rejects TEXTURE patch index (0.107875ms)
✔ rejects patch column offset (0.104583ms)
✔ rejects patch length (0.109416ms)
✔ rejects patch terminator (0.279833ms)
✔ rejects flat length (0.145ms)
✔ rejects missing sector flat (0.116125ms)
✔ rejects missing sidedef texture (0.111417ms)
✔ rejects extended map layouts and retains classic zero-node map (0.157208ms)
✔ snapshot raw bytes and record signedness retain upstream disk ABI (1.742542ms)
✔ canonical manifest is recursive, compact ASCII JSON with sorted keys (0.155417ms)
✔ v0 palette schema rejects unknown fields, missing identity, malformed hex and booleans (2.464375ms)
✔ BSP detects multi-node and disconnected cycles while permitting shared children (0.358667ms)
✔ near-end offsets and counts reject one-byte truncations, not only integer extremes (1.078542ms)
✔ original absolute patch post offsets permit clipping without tall-patch normalization (0.376ms)
✔ BSP root cannot overlap NF_SUBSECTOR flag (56.932125ms)
✔ WAD magic compares all eight bits of each byte (0.304167ms)
ℹ tests 69
ℹ suites 0
ℹ pass 69
ℹ fail 0
ℹ cancelled 0
ℹ skipped 0
ℹ todo 0
ℹ duration_ms 18249.515333
