Running toolchain...
PASS toolchain (0.187s)
Running schemas...
PASS schemas (0.041s)
Running format...
PASS format (0.02s)
Running build...
PASS build (24.56s)
Running foundry-tests...
PASS foundry-tests (0.184s)
Running protocol-tests...
PASS protocol-tests (0.128s)
Running browser-failure-cleanup...
PASS browser-failure-cleanup (0.865s)
Running stack-compile...
PASS stack-compile (0.293s)
Running launcher...
PASS launcher (0.185s)
Running runtime-limits...
PASS runtime-limits (2.97s)
Running transport...
PASS transport (2.63s)
Running browser...
PASS browser (1.582s)
PASS: all 12 Phase 0 gates; /Users/eduard/sandbox/doom-evm/artifacts/local/verification/summary.json
