Running wad-download...
PASS wad-download (0.242s)
Running wad-pack...
PASS wad-pack (0.293s)
Running wad-tests...
PASS wad-tests (0.185s)
Running wad-reproducibility...
PASS wad-reproducibility (0.462s)
Running original-c-oracle...
PASS original-c-oracle (1.967s)
Running reference-infrastructure...
PASS reference-infrastructure (2.028s)
Running native-tables...
PASS native-tables (0.352s)
Running phase1-schemas...
PASS phase1-schemas (0.132s)
Running palette-validation...
PASS palette-validation (0.075s)
Running all-phase0-gates...
PASS all-phase0-gates (232.323s)
Running resource-identity-rejections...
PASS resource-identity-rejections (0.392s)
Running resource-placement...
PASS resource-placement (1.102s)
Running wad-palette-browser...
PASS wad-palette-browser (1.204s)
PASS: all 13 Phase 1 gates; /Users/eduard/sandbox/doom-evm/artifacts/local/phase1-verification/summary.json
