Running toolchain...
PASS toolchain (0.127s)
Running schemas...
PASS schemas (0.039s)
Running format...
PASS format (0.02s)
Running build...
PASS build (216.8s)
Running foundry-tests...
PASS foundry-tests (6.722s)
Running protocol-tests...
PASS protocol-tests (0.125s)
Running browser-failure-cleanup...
PASS browser-failure-cleanup (0.823s)
Running stack-compile...
PASS stack-compile (0.296s)
Running launcher...
PASS launcher (0.188s)
Running runtime-limits...
PASS runtime-limits (2.978s)
Running transport...
PASS transport (2.605s)
Running browser...
PASS browser (1.526s)
PASS: all 12 Phase 0 gates; /Users/eduard/sandbox/doom-evm/artifacts/local/verification/summary.json
