Compiling 130 files with Solc 0.8.37
Solc 0.8.37 finished in 481.59s
Compiler run successful with warnings:
Warning (6335): "at" will be promoted to keyword in the future and will not be allowed as an identifier anymore.
  --> src/doom/v_video.sol:77:41:
   |
77 |     function _short(bytes memory patch, uint256 at) private pure returns (int32) {
   |                                         ^^^^^^^^^^

Warning (6335): "at" will be promoted to keyword in the future and will not be allowed as an identifier anymore.
   --> src/doom/v_video.sol:102:13:
    |
102 |             uint256 at = 8 + uint32(flipped ? width - 1 - col : col) * 4;
    |             ^^^^^^^^^^

Warning (6335): "at" will be promoted to keyword in the future and will not be allowed as an identifier anymore.
  --> src/doom/hu_lib.sol:69:41:
   |
69 |     function patchShort(bytes memory p, uint256 at) internal pure returns (int32) {
   |                                         ^^^^^^^^^^

Warning (6335): "at" will be promoted to keyword in the future and will not be allowed as an identifier anymore.
  --> src/doom/p_switch.sol:76:9:
   |
76 |         uint256 at;
   |         ^^^^^^^^^^

Warning (6335): "at" will be promoted to keyword in the future and will not be allowed as an identifier anymore.
   --> src/doom/p_spec.sol:216:9:
    |
216 |         uint256 at;
    |         ^^^^^^^^^^

Warning (6335): "at" will be promoted to keyword in the future and will not be allowed as an identifier anymore.
   --> src/doom/p_spec.sol:383:9:
    |
383 |         uint256 at;
    |         ^^^^^^^^^^

Warning (6335): "at" will be promoted to keyword in the future and will not be allowed as an identifier anymore.
   --> src/doom/p_maputl.sol:285:13:
    |
285 |             uint32 at = C.NULL;
    |             ^^^^^^^^^

Warning (6335): "at" will be promoted to keyword in the future and will not be allowed as an identifier anymore.
   --> src/doom/st_lib.sol:170:36:
    |
170 |     function SHORT(bytes memory p, uint256 at) internal pure returns (int32) {
    |                                    ^^^^^^^^^^

Warning (6335): "at" will be promoted to keyword in the future and will not be allowed as an identifier anymore.
   --> test/integration/Cheats.t.sol:211:9:
    |
211 |         uint256 at = 4;
    |         ^^^^^^^^^^

Warning (6335): "at" will be promoted to keyword in the future and will not be allowed as an identifier anymore.
  --> test/integration/VideoPrimitives.t.sol:65:13:
   |
65 |             uint256 at = 8 + col * 4;
   |             ^^^^^^^^^^

Warning (6335): "at" will be promoted to keyword in the future and will not be allowed as an identifier anymore.
  --> test/unit/m_cheat.t.sol:26:9:
   |
26 |         uint256 at = 4;
   |         ^^^^^^^^^^

Warning (6335): "at" will be promoted to keyword in the future and will not be allowed as an identifier anymore.
  --> test/unit/m_cheat.t.sol:82:9:
   |
82 |         uint256 at = 4;
   |         ^^^^^^^^^^

Warning (6335): "at" will be promoted to keyword in the future and will not be allowed as an identifier anymore.
   --> test/unit/v_video.t.sol:201:13:
    |
201 |             uint256 at = row * 260;
    |             ^^^^^^^^^^

Warning (6335): "at" will be promoted to keyword in the future and will not be allowed as an identifier anymore.
  --> test/unit/z_zone.t.sol:21:38:
   |
21 |     function word(bytes memory data, uint256 at) private pure returns (uint32) {
   |                                      ^^^^^^^^^^

Warning (6335): "at" will be promoted to keyword in the future and will not be allowed as an identifier anymore.
  --> test/unit/z_zone.t.sol:27:9:
   |
27 |         uint256 at = out.cursor;
   |         ^^^^^^^^^^

Warning (6335): "at" will be promoted to keyword in the future and will not be allowed as an identifier anymore.
  --> test/unit/z_zone.t.sol:87:9:
   |
87 |         uint256 at = 4;
   |         ^^^^^^^^^^

Warning (6335): "at" will be promoted to keyword in the future and will not be allowed as an identifier anymore.
  --> test/unit/z_zone_backing.t.sol:23:38:
   |
23 |     function word(bytes memory data, uint256 at) private pure returns (uint32) {
   |                                      ^^^^^^^^^^

Warning (6335): "at" will be promoted to keyword in the future and will not be allowed as an identifier anymore.
  --> test/unit/z_zone_backing.t.sol:78:13:
   |
78 |             uint256 at = 4 + uint256(row) * 276;
   |             ^^^^^^^^^^

Warning (2319): This declaration shadows a builtin symbol.
  --> src/doom/z_zone.sol:63:5:
   |
63 |     function block(ZoneState memory z, uint32 id) private pure returns (ZoneBlock memory b) {
   |     ^ (Relevant source part starts here and spans across multiple lines).

Warning (2319): This declaration shadows a builtin symbol.
   --> src/doom/hu_lib.sol:145:77:
    |
145 |     function HUlib_addMessageToSText(HuSText memory s, bytes memory prefix, bytes memory msg) internal pure {
    |                                                                             ^^^^^^^^^^^^^^^^

Warning (2319): This declaration shadows a builtin symbol.
   --> src/doom/p_maputl.sol:165:21:
    |
165 |                     uint32 block = uint32(by * c.state.blockmap.width + bx);
    |                     ^^^^^^^^^^^^

Warning (2319): This declaration shadows a builtin symbol.
   --> src/doom/p_enemy.sol:163:13:
    |
163 |             int32 tx = actor.x + info(c, id).speed * xspeed(actor.movedir);
    |             ^^^^^^^^

Warning (2519): This declaration shadows an existing declaration.
   --> src/doom/p_map.sol:407:17:
    |
407 |                 int32 frac = hit.frac - F.FixedDiv(4 * 65536, c.move.attackrange);
    |                 ^^^^^^^^^^
Note: The shadowed declaration is here:
   --> src/doom/p_map.sol:427:13:
    |
427 |             int32 frac = hit.frac - F.FixedDiv(10 * 65536, c.move.attackrange);
    |             ^^^^^^^^^^

Warning (2519): This declaration shadows an existing declaration.
   --> src/doom/p_map.sol:408:17:
    |
408 |                 int32 x = c.path.trace.x + F.FixedMul(c.path.trace.dx, frac);
    |                 ^^^^^^^
Note: The shadowed declaration is here:
   --> src/doom/p_map.sol:428:13:
    |
428 |             int32 x = c.path.trace.x + F.FixedMul(c.path.trace.dx, frac);
    |             ^^^^^^^

Warning (2519): This declaration shadows an existing declaration.
   --> src/doom/p_map.sol:409:17:
    |
409 |                 int32 y = c.path.trace.y + F.FixedMul(c.path.trace.dy, frac);
    |                 ^^^^^^^
Note: The shadowed declaration is here:
   --> src/doom/p_map.sol:429:13:
    |
429 |             int32 y = c.path.trace.y + F.FixedMul(c.path.trace.dy, frac);
    |             ^^^^^^^

Warning (2519): This declaration shadows an existing declaration.
   --> src/doom/p_map.sol:410:17:
    |
410 |                 int32 z = c.move.shootz + F.FixedMul(c.move.aimslope, F.FixedMul(frac, c.move.attackrange));
    |                 ^^^^^^^
Note: The shadowed declaration is here:
   --> src/doom/p_map.sol:430:13:
    |
430 |             int32 z = c.move.shootz + F.FixedMul(c.move.aimslope, F.FixedMul(frac, c.move.attackrange));
    |             ^^^^^^^

Warning (2319): This declaration shadows a builtin symbol.
   --> src/doom/r_things.sol:145:13:
    |
145 |             int32 tx = -(M_Fixed.FixedMul(tr_y, c.rs.viewcos) - M_Fixed.FixedMul(tr_x, c.rs.viewsin));
    |             ^^^^^^^^

Warning (2319): This declaration shadows a builtin symbol.
   --> src/doom/r_things.sol:323:13:
    |
323 |             int32 tx = p.sx - 160 * 65536 - c.resources.spriteoffset[l];
    |             ^^^^^^^^

Warning (2519): This declaration shadows an existing declaration.
   --> src/evm/InputProtocol.sol:136:49:
    |
136 |     function build(GameInputState memory state, uint32 held) internal pure returns (Ticcmd memory) {
    |                                                 ^^^^^^^^^^^
Note: The shadowed declaration is here:
   --> src/evm/InputProtocol.sol:108:5:
    |
108 |     function held(InputRuntimeState memory s, uint32 key) private pure returns (bool) {
    |     ^ (Relevant source part starts here and spans across multiple lines).

Warning (2018): Function state mutability can be restricted to pure
   --> src/doom/p_switch.sol:129:5:
    |
129 |     function P_UseSpecialLine(GameContext memory c, uint32 thing, uint32 line, int32 side)
    |     ^ (Relevant source part starts here and spans across multiple lines).

Warning (2018): Function state mutability can be restricted to pure
   --> src/doom/p_spec.sol:346:5:
    |
346 |     function P_SpawnSpecials(GameContext memory c) internal view {
    |     ^ (Relevant source part starts here and spans across multiple lines).

Warning (2018): Function state mutability can be restricted to pure
   --> src/doom/p_spec.sol:598:5:
    |
598 |     function P_ShootSpecialLine(GameContext memory c, uint32 thing, uint32 line) internal view {
    |     ^ (Relevant source part starts here and spans across multiple lines).

Warning (2018): Function state mutability can be restricted to pure
   --> src/doom/r_plane.sol:123:5:
    |
123 |     function R_MapPlane(RenderContext memory ctx, int32 y, int32 x1, int32 x2) internal view {
    |     ^ (Relevant source part starts here and spans across multiple lines).

Warning (2018): Function state mutability can be restricted to pure
   --> src/evm/DoomGame.sol:388:5:
    |
388 |     function bossFloor(GameContext memory c, int32 tag, FloorType kind) private view returns (bool) {
    |     ^ (Relevant source part starts here and spans across multiple lines).

Warning (2018): Function state mutability can be restricted to view
   --> test/unit/hu_stuff.t.sol:199:5:
    |
199 |     function nativeRange(uint256 begin, uint256 end) private {
    |     ^ (Relevant source part starts here and spans across multiple lines).

Warning (2018): Function state mutability can be restricted to view
   --> test/unit/r_things.t.sol:446:5:
    |
446 |     function testDefinitionErrorsAndZeroRotation() public {
    |     ^ (Relevant source part starts here and spans across multiple lines).

Warning (2018): Function state mutability can be restricted to view
   --> test/unit/r_things.t.sol:473:5:
    |
473 |     function testTerminalAndMalformedPosts() public {
    |     ^ (Relevant source part starts here and spans across multiple lines).

Warning (2018): Function state mutability can be restricted to pure
   --> test/unit/z_zone_backing.t.sol:187:5:
    |
187 |     function rejected(uint32 which) external {
    |     ^ (Relevant source part starts here and spans across multiple lines).

Warning (2018): Function state mutability can be restricted to view
   --> test/unit/z_zone_initialization.t.sol:106:5:
    |
106 |     function testMatrixFreshAndReusedLengthsKeepSourceBytesAndPointerRejection() public {
    |     ^ (Relevant source part starts here and spans across multiple lines).


Ran 3 tests for test/unit/GameZoneHeap.t.sol:GameZoneHeapTest
[PASS] testAllEmbeddedPayloadSizesTagsAndNoThinkerDoubleAllocation() (gas: 269692)
[PASS] testLazyFreeAndPhysicalReuseKeepStablePayloadIdentity() (gas: 179426)
[PASS] testPoolGrowthZoneStorageAndResourceAlias() (gas: 4507520)
Suite result: ok. 3 passed; 0 failed; 0 skipped; finished in 11.65ms (5.56ms CPU time)

Ran 1 test for test/unit/GameStorage.t.sol:GameStorageTest
[PASS] testPersistentGlobalsAndAliasesThroughStorageRoundTrip() (gas: 10044260)
Suite result: ok. 1 passed; 0 failed; 0 skipped; finished in 14.17ms (8.38ms CPU time)

Ran 1 test for test/unit/p_map.t.sol:P_Map_Test
[PASS] testEveryOriginalMapScenarioAndCallbackOrder() (gas: 593804880)
Suite result: ok. 1 passed; 0 failed; 0 skipped; finished in 92.18ms (86.30ms CPU time)

Ran 6 tests for test/integration/Cheats.t.sol:CheatsIntegrationTest
[PASS] testCheatsReachDamageAndArmorConsumers() (gas: 563591)
[PASS] testNativeRawCheatsRenderStatusPaletteAndHud() (gas: 99372551)
[PASS] testNoclipAppliesOnNextPlayerTic() (gas: 565837)
[PASS] testPersistPrefixParamAndIndependentAutomapState() (gas: 13110045)
[PASS] testPowerOffAndChoppersExpireOnNextTic() (gas: 1800734)
[PASS] testRollbackIncludesParserEffectMessageAndInputSequence() (gas: 11484424)
Suite result: ok. 6 passed; 0 failed; 0 skipped; finished in 286.17ms (280.08ms CPU time)

Ran 2 tests for test/integration/AutomapVideo.t.sol:AutomapVideoTest
[PASS] testFrozenFrameAbiContainsNativeEquivalentAutomapPixels() (gas: 157982658)
[PASS] testRendererScreenZeroAliasAndStatusRowsSurviveDrawer() (gas: 3083267)
Suite result: ok. 2 passed; 0 failed; 0 skipped; finished in 428.07ms (421.94ms CPU time)

Ran 6 tests for test/unit/hu_stuff.t.sol:HUStuffTest
[PASS] testNativeEveryWadGlyph() (gas: 44221731)
[PASS] testNativeGameplayProducedMessages() (gas: 79872650)
[PASS] testNativeMessageTimingVisibilityAndWidgets() (gas: 80917259)
[PASS] testNativeTitlesAndErasure() (gas: 178090208)
[PASS] testOriginalWadFontResourceLoading() (gas: 4728384)
[PASS] testUndefinedMapIndexesRejected() (gas: 45948)
Suite result: ok. 6 passed; 0 failed; 0 skipped; finished in 704.74ms (698.65ms CPU time)

Ran 10 tests for test/unit/Gameflow.t.sol:GameflowTest
[PASS] testCompletionStatsAreCopiedNotAliased() (gas: 1052809)
[PASS] testIncomingCommandIsCopiedBeforeWorldTickerClearsSpecial() (gas: 1044673)
[PASS] testOriginalCCompletionAllEpisodeOneMaps() (gas: 820904809)
[PASS] testOriginalCDeathUseAndFollowingTicReload() (gas: 9953555)
[PASS] testOriginalCLoadLevelAndReborn() (gas: 56801060)
[PASS] testOriginalCNewGameAndDeferredInitialization() (gas: 1608345996)
[PASS] testOriginalCNightmareFastAndInitPlayer() (gas: 15433429)
[PASS] testOriginalCPauseMenuAndStateDispatch() (gas: 4997970355)
[PASS] testOriginalCWorldDoneAndInventoryCarryover() (gas: 175242566)
[PASS] testPauseProducerIsOneShotReplacesButtonsKeepsMovement() (gas: 1011067)
Suite result: ok. 10 passed; 0 failed; 0 skipped; finished in 807.58ms (806.56ms CPU time)

Ran 7 tests for test/integration/InputRuntime.t.sol:InputRuntimeAdapterTest
[PASS] testAMOwnsIDDTAndConsumesPanButNotReleases() (gas: 120038129)
[PASS] testArsenalPowersMessagesAndDeferredWarpPersist() (gas: 76594139)
[PASS] testLiveProjectionKeepsLinedefFlagsHeightsAndSectorThingOrder() (gas: 12352722)
[PASS] testMalformedStopNotificationCompletesRawWarpParameters() (gas: 45833971)
[PASS] testNativeKeySetPreservesAliasesAndLowestDigitPriority() (gas: 12732149)
[PASS] testPersistentSplitCheatHUConsumptionAndSpyOrder() (gas: 45183103)
[PASS] testRollbackIncludesParserActorRequestAndUIState() (gas: 61087298)
Suite result: ok. 7 passed; 0 failed; 0 skipped; finished in 1.13s (1.13s CPU time)

Ran 14 tests for test/unit/m_cheat.t.sol:MCheatTest
[PASS] testEmbeddedNulClearsOnlyVisitedParameter() (gas: 3132)
[PASS] testGodNullMobjAndUnrelatedFlags() (gas: 289425)
[PASS] testMarkerKeySkipsNextSlotExactlyLikeC() (gas: 2033)
[PASS] testMismatchConsumesWithoutRetry() (gas: 3127)
[PASS] testNativeMixedStreams() (gas: 1454450748)
[PASS] testNativePrimitiveAllByteValuesAndParameters() (gas: 9434863)
[PASS] testNativeRecognitionAndEffects() (gas: 1079343047)
[PASS] testNativeRestrictionsAndPowers() (gas: 215732275)
[PASS] testNativeWarpValidation() (gas: 646752775)
[PASS] testNoCaseFoldingMusicOrTickFiltering() (gas: 414365)
[PASS] testParameterSlotsAndGetParam() (gas: 12401)
[PASS] testPositionFormattingZeroAndUnsignedTwosComplement() (gas: 374667)
[PASS] testScramblePermutation() (gas: 253497)
[PASS] testUndefinedEarlyNulWarpDoesNotScheduleLevel() (gas: 268926)
Suite result: ok. 14 passed; 0 failed; 0 skipped; finished in 767.90ms (767.67ms CPU time)

Ran 1 test for test/unit/m_random.t.sol:RandomTest
[PASS] testOriginalIndependentStreamsWrapAndClear() (gas: 5357784)
Suite result: ok. 1 passed; 0 failed; 0 skipped; finished in 9.71ms (9.66ms CPU time)

Ran 14 tests for test/unit/g_game.t.sol:GGameTest
[PASS] testDirectBuilderRejectsInvalidWeaponRequest() (gas: 2308)
[PASS] testOriginalCIgnoredWeapon9AllKeyboardMasksAndTurnStates() (gas: 91832255)
[PASS] testOriginalCNoWeaponAllKeyboardMasksAndTurnStates() (gas: 91717223)
[PASS] testOriginalCSequentialTurnAccelerationReleaseAndWeapons() (gas: 11178865)
[PASS] testOriginalCWeapon1AllKeyboardMasksAndTurnStates() (gas: 92356301)
[PASS] testOriginalCWeapon2AllKeyboardMasksAndTurnStates() (gas: 92356389)
[PASS] testOriginalCWeapon3AllKeyboardMasksAndTurnStates() (gas: 92356477)
[PASS] testOriginalCWeapon4AllKeyboardMasksAndTurnStates() (gas: 92356235)
[PASS] testOriginalCWeapon5AllKeyboardMasksAndTurnStates() (gas: 92356521)
[PASS] testOriginalCWeapon6AllKeyboardMasksAndTurnStates() (gas: 92356257)
[PASS] testOriginalCWeapon7AllKeyboardMasksAndTurnStates() (gas: 92356411)
[PASS] testOriginalCWeapon8AllKeyboardMasksAndTurnStates() (gas: 92356345)
[PASS] testRejectsInvalidTurnStateAndOriginalUndefinedCounterOverflow() (gas: 21427)
[PASS] testRejectsReservedPacketBitsAndUndefinedWeaponRequests() (gas: 103106)
Suite result: ok. 14 passed; 0 failed; 0 skipped; finished in 1.01s (1.01s CPU time)

Ran 1 test for test/integration/GameflowE1M1.t.sol:GameflowE1M1Test
[PASS] testRealE1M1NativeStartupFirstTicPauseDeathRestartAndCompletion() (gas: 1248295170)
Suite result: ok. 1 passed; 0 failed; 0 skipped; finished in 2.17s (1.59s CPU time)

Ran 3 tests for test/unit/GameflowTransactions.t.sol:GameflowTransactionsTest
[PASS] testInvalidStartupStateActionsAndSetupRollback() (gas: 1307338648)
[PASS] testSecretRouteAndFinaleAcrossCommittedCalls() (gas: 533907877)
[PASS] testStoragePauseResumeAndDeferredNightmareAcrossCalls() (gas: 684372567)
Suite result: ok. 3 passed; 0 failed; 0 skipped; finished in 873.64ms (873.12ms CPU time)

Ran 5 tests for test/unit/hu_lib.t.sol:HULibTest
[PASS] testFuzzTextCapacityAndTrailingNul(bytes) (runs: 256, μ: 167970, ~: 161438)
[PASS] testLineCapacityNulDeletionAndClearUpdateCounts() (gas: 179000)
[PASS] testPositionUsesPatchOffsetsWithoutGlyphScaling() (gas: 186502)
[PASS] testPrefixAndMessageShareEightyByteLimit() (gas: 221823)
[PASS] testUndefinedScrollingWidgetHeightRejected() (gas: 335221)
Suite result: ok. 5 passed; 0 failed; 0 skipped; finished in 915.91ms (915.84ms CPU time)

Ran 12 tests for test/intermission/Intermission.t.sol:IntermissionTest
[PASS] testFrameEventContainsComputedNativePixelsAndSourceAlias() (gas: 139633631)
[PASS] testMalformedBackgroundResourceRejectsBeforePublishingState() (gas: 41545232)
[PASS] testMalformedSourceAndUnauthorizedCallsRollBack() (gas: 149966537)
[PASS] testNativeEveryEnteringTitleAndNode() (gas: 535508443)
[PASS] testNativeEveryFinishedTitle() (gas: 390857531)
[PASS] testNativeInputSecretRepeatAndCounterQuirks() (gas: 577750974)
[PASS] testNativeNaturalCountingEveryTicAndTimeout() (gas: 193917953)
[PASS] testNativeNumericFormattingAndCandidateFallbacks() (gas: 324864941)
[PASS] testNativeStateAcrossSeparateStorageCallsAndRollback() (gas: 564205294)
[PASS] testNativeZeroTotalsAllSupportedModes() (gas: 354606814)
[PASS] testStartNormalizesCanonicalSnapshotWithoutResettingPointerOrLatches() (gas: 18279)
[PASS] testUnsupportedAndUndefinedDomainsAreExplicit() (gas: 339935)
Suite result: ok. 12 passed; 0 failed; 0 skipped; finished in 3.66s (6.31s CPU time)

Ran 17 tests for test/unit/am_map.t.sol:AutomapTest
[PASS] testFuzzBresenhamEndpointBounds(uint16,uint16,uint16,uint16) (runs: 256, μ: 1607746, ~: 1604353)
[PASS] testGlyphDrawingDoesNotMutateVectorDefinitions() (gas: 150613)
[PASS] testNativeBoundaryVertexOrder() (gas: 72014431)
[PASS] testNativeCheatMismatchEventsDeathmatch() (gas: 34578565)
[PASS] testNativeClampsBigRestoreReopen() (gas: 32806587)
[PASS] testNativeClipOctantsBoundaries() (gas: 35820269)
[PASS] testNativeE1M1Geometry() (gas: 214234195)
[PASS] testNativeFallbackPlayer() (gas: 30956490)
[PASS] testNativeFollowStationaryZoomRestore() (gas: 30774434)
[PASS] testNativeGridAndMarkerRing() (gas: 48501843)
[PASS] testNativeMarkerEdgesSentinel() (gas: 29820018)
[PASS] testNativeOriginalSlopeAndLightHelpers() (gas: 74044120)
[PASS] testNativePanZoomFollow() (gas: 30276459)
[PASS] testNativeRandomFixedCoordinateClipping() (gas: 82738172)
[PASS] testNativeRotations() (gas: 359221765)
[PASS] testNativeWallDiscoveryAndAllmapCheats() (gas: 31648595)
[PASS] testSlopesAndDisabledLightTickerHelper() (gas: 7934)
Suite result: ok. 17 passed; 0 failed; 0 skipped; finished in 3.49s (3.49s CPU time)

Ran 2 tests for test/integration/VideoPrimitives.t.sol:VideoPrimitivesTest
[PASS] testEVMResourcePatchFrameFullScreen() (gas: 54024193)
[PASS] testEVMResourcePatchFrameWorld168AndStatus32() (gas: 54150107)
Suite result: ok. 2 passed; 0 failed; 0 skipped; finished in 326.69ms (326.58ms CPU time)

Ran 15 tests for test/unit/p_inter.t.sol:PInterTest
[PASS] testInvalidAmmoRejectsErrorAndOriginalArrayOverrunDomain() (gas: 437685)
[PASS] testOriginalCAllPickupSprites() (gas: 471163006)
[PASS] testOriginalCDamageArmorPowerExitAndDeath() (gas: 740268230)
[PASS] testOriginalCGiveAmmoCell() (gas: 236750236)
[PASS] testOriginalCGiveAmmoClip() (gas: 236720204)
[PASS] testOriginalCGiveAmmoMissile() (gas: 236739800)
[PASS] testOriginalCGiveAmmoShell() (gas: 236748774)
[PASS] testOriginalCGiveArmor() (gas: 42767805)
[PASS] testOriginalCGiveBody() (gas: 44451655)
[PASS] testOriginalCGiveCard() (gas: 42771858)
[PASS] testOriginalCGiveNoAmmo() (gas: 43244337)
[PASS] testOriginalCGivePower() (gas: 42770952)
[PASS] testOriginalCGiveWeapon() (gas: 91869397)
[PASS] testOriginalCMonsterDeathsGibsDropsAndKillCounting() (gas: 54169883)
[PASS] testOriginalCWeaponAmmoSelection() (gas: 121663091)
Suite result: ok. 15 passed; 0 failed; 0 skipped; finished in 2.53s (2.37s CPU time)

Ran 4 tests for test/unit/st_lib.t.sol:STLibTest
[PASS] testBinaryIconFalseRestoresBackground() (gas: 1419390)
[PASS] testDisabledWidgetsDoNotReadPatchesOrScreens() (gas: 1331)
[PASS] testMultIconOffsetsRestoreAndMinusOneLeavesHistory() (gas: 1425748)
[PASS] testRejectsOriginalWidgetFatalBoundsAndUndefinedNegation() (gas: 5728174)
Suite result: ok. 4 passed; 0 failed; 0 skipped; finished in 24.10ms (23.97ms CPU time)

Ran 24 tests for test/unit/r_main.t.sol:RMainTest
[PASS] testEveryOriginalGeometryVector() (gas: 89439554)
[PASS] testLastRepresentableBSPNode() (gas: 786843603)
[PASS] testNativeViewSize10Detail0() (gas: 147050797)
[PASS] testNativeViewSize10Detail1() (gas: 84875727)
[PASS] testNativeViewSize11Detail0() (gas: 147209725)
[PASS] testNativeViewSize11Detail1() (gas: 85041371)
[PASS] testNativeViewSize3Detail0() (gas: 58985624)
[PASS] testNativeViewSize3Detail1() (gas: 40346778)
[PASS] testNativeViewSize4Detail0() (gas: 71565245)
[PASS] testNativeViewSize4Detail1() (gas: 46701145)
[PASS] testNativeViewSize5Detail0() (gas: 84131211)
[PASS] testNativeViewSize5Detail1() (gas: 53049565)
[PASS] testNativeViewSize6Detail0() (gas: 96712045)
[PASS] testNativeViewSize6Detail1() (gas: 59413373)
[PASS] testNativeViewSize7Detail0() (gas: 109286336)
[PASS] testNativeViewSize7Detail1() (gas: 65770297)
[PASS] testNativeViewSize8Detail0() (gas: 121853257)
[PASS] testNativeViewSize8Detail1() (gas: 72120458)
[PASS] testNativeViewSize9Detail0() (gas: 134435639)
[PASS] testNativeViewSize9Detail1() (gas: 78484914)
[PASS] testRejectUndefinedAndMalformedDomains() (gas: 60514)
[PASS] testRejectUnrepresentableBSPRoot() (gas: 786885931)
[PASS] testSetupPreservesInactiveFixedLightArray() (gas: 9471)
[PASS] testZeroNodeSingleSubsector() (gas: 1351)
Suite result: ok. 24 passed; 0 failed; 0 skipped; finished in 4.09s (4.09s CPU time)

Ran 3 tests for test/integration/HudMessages.t.sol:HudMessagesTest
[PASS] testDisabledHudCompositionPreservesLegacyFramebuffer() (gas: 498351)
[PASS] testHudStateSurvivesSeparateCallStorageRoundTrips() (gas: 22767496)
[PASS] testRealPickupAndLockedDoorNativeTextAndEvmPixels() (gas: 793865057)
Suite result: ok. 3 passed; 0 failed; 0 skipped; finished in 2.01s (2.01s CPU time)

Ran 14 tests for test/integration/ProductionUI.t.sol:ProductionUIAdapterTest
[PASS] testConsumerPersistentAttackFaceAndRelease() (gas: 1309295312)
[PASS] testConsumerPersistentDamageDirectionsAndPain() (gas: 717255135)
[PASS] testConsumerPersistentInventoryAndOriginalStaleKeys() (gas: 529431008)
[PASS] testNativeAllPaletteThresholdsAndGamma() (gas: 126807288)
[PASS] testNativeAttackerDirectionsAndOriginalOuchBug() (gas: 68225810)
[PASS] testNativeEveryFaceAssetPixels() (gas: 116585098)
[PASS] testNativeFacePixelsAcrossPainTiers() (gas: 131148465)
[PASS] testNativeFacePrioritiesTrace() (gas: 73226867)
[PASS] testNativeFirstDamageReceiptState() (gas: 62706968)
[PASS] testNativeFullscreenAutomapAndRefresh() (gas: 80624673)
[PASS] testNativeIdlePainAndRestartTrace() (gas: 103945856)
[PASS] testNativeInventoryAndNumericPixels() (gas: 110732447)
[PASS] testNativeNumericEdgesAndSentinels() (gas: 93714852)
[PASS] testNativeSustainedFireAndReleaseTrace() (gas: 80038682)
Suite result: ok. 14 passed; 0 failed; 0 skipped; finished in 5.53s (5.52s CPU time)

Ran 1 test for test/unit/RenderSequence.t.sol:RenderSequenceTest
[PASS] testOriginalPassSequenceAndZeroNodeRoot() (gas: 39001)
Suite result: ok. 1 passed; 0 failed; 0 skipped; finished in 289.75µs (81.50µs CPU time)

Ran 11 tests for test/unit/r_draw.t.sol:RDrawTest
[PASS] testBoundsRejections() (gas: 4836038)
[PASS] testMeasuredPrimitives() (gas: 5018033)
Logs:
  operation: 0
  draw gas (excluding fixture setup and SHA): 126797
  allocator before: 92704
  allocator after: 92704
  operation: 1
  draw gas (excluding fixture setup and SHA): 167091
  allocator before: 92704
  allocator after: 92704
  operation: 2
  draw gas (excluding fixture setup and SHA): 144479
  allocator before: 92704
  allocator after: 92704
  operation: 3
  draw gas (excluding fixture setup and SHA): 169646
  allocator before: 94528
  allocator after: 94624
  operation: 4
  draw gas (excluding fixture setup and SHA): 176185
  allocator before: 92704
  allocator after: 92704
  operation: 5
  draw gas (excluding fixture setup and SHA): 112524
  allocator before: 92704
  allocator after: 92704

[PASS] testOriginalBufferLookups() (gas: 5695739)
[PASS] testOriginalColumnPixels() (gas: 29905145)
[PASS] testOriginalFuzzPixelsAndState() (gas: 47033019)
[PASS] testOriginalLowColumnPixelsAndMutation() (gas: 27950747)
[PASS] testOriginalLowSpanCountQuirkAndMutation() (gas: 36733320)
[PASS] testOriginalSpanPixels() (gas: 36549646)
[PASS] testOriginalTranslatedInteriorPointers() (gas: 6507630)
[PASS] testOriginalTranslationTables() (gas: 1800576)
[PASS] testOriginalVideoErase() (gas: 21915623)
Suite result: ok. 11 passed; 0 failed; 0 skipped; finished in 488.31ms (487.68ms CPU time)

Ran 9 tests for test/unit/p_pspr.t.sol:PPsprTest
[PASS] testOriginalCBFGAndSpray() (gas: 449249655)
[PASS] testOriginalCChaingun() (gas: 448253676)
[PASS] testOriginalCChainsaw() (gas: 448762762)
[PASS] testOriginalCFist() (gas: 446872301)
[PASS] testOriginalCPistol() (gas: 447649522)
[PASS] testOriginalCPlasma() (gas: 447884622)
[PASS] testOriginalCRocket() (gas: 447606720)
[PASS] testOriginalCShotgun() (gas: 447527804)
[PASS] testOriginalCSuperShotgun() (gas: 447941806)
Suite result: ok. 9 passed; 0 failed; 0 skipped; finished in 5.48s (5.22s CPU time)

Ran 11 tests for test/unit/st_stuff.t.sol:STStuffTest
[PASS] testNativeAllPaletteThresholdsAndGamma() (gas: 127632622)
[PASS] testNativeAttackerDirectionsAndOriginalOuchBug() (gas: 68920498)
[PASS] testNativeEveryFaceAssetPixels() (gas: 117257091)
[PASS] testNativeFacePixelsAcrossPainTiers() (gas: 132058921)
[PASS] testNativeFacePrioritiesTrace() (gas: 73957506)
[PASS] testNativeFirstDamageReceiptState() (gas: 63311895)
[PASS] testNativeFullscreenAutomapAndRefresh() (gas: 81244816)
[PASS] testNativeIdlePainAndRestartTrace() (gas: 104894493)
[PASS] testNativeInventoryAndNumericPixels() (gas: 111379816)
[PASS] testNativeNumericEdgesAndSentinels() (gas: 94349995)
[PASS] testNativeSustainedFireAndReleaseTrace() (gas: 80821673)
Suite result: ok. 11 passed; 0 failed; 0 skipped; finished in 2.59s (2.59s CPU time)

Ran 2 tests for test/integration/StatusBar.t.sol:StatusBarIntegrationTest
[PASS] testCompleteNativeWorld168PlusStatus32Frame() (gas: 973773530)
[PASS] testLegacyWorld200FrameUnchangedWithStatusHidden() (gas: 802565725)
Suite result: ok. 2 passed; 0 failed; 0 skipped; finished in 5.72s (5.12s CPU time)

Ran 15 tests for test/unit/v_video.t.sol:VVideoTest
[PASS] testFuzzMalformedPatchRejectsWithoutPanic(bytes,int32,int32,int32,bool) (runs: 256, μ: 208685, ~: 202908)
[PASS] testInitFourScreensAndLeavesCallerScreen4AndDirtybox() (gas: 189943)
[PASS] testMalformedHeadersOffsetsPostsAndPhysicalBounds() (gas: 2048219)
[PASS] testNativeCases00to07() (gas: 8478348)
[PASS] testNativeCases08to15() (gas: 7819581)
[PASS] testNativeCases16to23() (gas: 17518110)
[PASS] testNativeCases24to31() (gas: 59463327)
[PASS] testNativeCases32to39() (gas: 8489711)
[PASS] testNativeCases40to47() (gas: 12173322)
[PASS] testNativeCases48to57() (gas: 9745885)
[PASS] testNormalOutOfBoundsIgnoredBeforeDirtyMark() (gas: 181626)
[PASS] testOffsetsTransparencyFlippedAndDirect() (gas: 342416)
[PASS] testRectBoundsShortBuffersAndUndefinedOverlap() (gas: 999103)
[PASS] testRectScreen4StatusBarCopyAndGet() (gas: 198461)
[PASS] testVerticalCopyRetainsOriginalRowOrder() (gas: 180129)
Suite result: ok. 15 passed; 0 failed; 0 skipped; finished in 363.12ms (362.93ms CPU time)

Ran 2 tests for test/unit/z_zone.t.sol:ZoneTest
[PASS] testAllOriginalZoneSequences() (gas: 496375931)
[PASS] testOriginalFatalDomains() (gas: 82338)
Suite result: ok. 2 passed; 0 failed; 0 skipped; finished in 641.41ms (641.32ms CPU time)

Ran 6 tests for test/unit/z_zone_backing.t.sol:ZoneBackingTest
[PASS] testBindingClearsStaleTailAndFastPathAllocatesNothing() (gas: 306024)
[PASS] testCacheHitChangesTagAndOwnerReallocation() (gas: 279744)
[PASS] testCompositeReconstructionKeepsNativeCacheAndPurgeRegenerates() (gas: 205069)
[PASS] testEveryOriginalPhysicalTailAndKnownHeaderPixel() (gas: 51984775)
[PASS] testUnknownAndInvalidKnownMasksRemainRejected() (gas: 584011)
[PASS] testUnknownPhysicalPaddingPointersSlackAndFragmentsReject() (gas: 2605055)
Suite result: ok. 6 passed; 0 failed; 0 skipped; finished in 103.99ms (103.82ms CPU time)

Ran 6 tests for test/unit/z_zone_initialization.t.sol:ZoneInitializationTest
[PASS] testFreeAndClearNeverReseedWrittenHistory() (gas: 528267)
[PASS] testMatrixFreshAndReusedLengthsKeepSourceBytesAndPointerRejection() (gas: 1236843)
[PASS] testReportedBLUDA0FirstPostMatchesExplicitNativeZeroInitializedProfile() (gas: 468935)
[PASS] testReportedBLUDA0StillRejectsInStrictDiagnosticMode() (gas: 443091)
[PASS] testReusedPayloadNeverSilentlyBecomesInitializedPadding() (gas: 463559)
[PASS] testThreeProvenanceClassesAndInvalidDomain() (gas: 6507929)
Suite result: ok. 6 passed; 0 failed; 0 skipped; finished in 24.88ms (24.66ms CPU time)

Ran 5 tests for test/unit/p_user.t.sol:PUserLifecycleTest
[PASS] testNative_P_CalcHeight() (gas: 610862582)
[PASS] testNative_P_DeathThink() (gas: 611657287)
[PASS] testNative_P_MovePlayer() (gas: 610903031)
[PASS] testNative_P_PlayerThink() (gas: 665519752)
[PASS] testNative_P_Thrust() (gas: 610852969)
Suite result: ok. 5 passed; 0 failed; 0 skipped; finished in 8.92s (5.19s CPU time)

Ran 15 tests for test/unit/r_things.t.sol:RThingsTest
[PASS] testDefinitionErrorsAndZeroRotation() (gas: 561625)
[PASS] testEmptyShadowPreservesNullColormap() (gas: 35800)
[PASS] testOriginalDefinitionsAndStaticThings() (gas: 439859842)
[PASS] testOriginalDrawModesAndActivePSprites() (gas: 636322130)
[PASS] testOriginalProjectionEdgesAndOverflow() (gas: 6181775)
[PASS] testProjectionAngle0() (gas: 442002178)
[PASS] testProjectionAngle1() (gas: 440600221)
[PASS] testProjectionAngle2() (gas: 436907862)
[PASS] testProjectionAngle3() (gas: 436824812)
[PASS] testProjectionAngle4() (gas: 436889369)
[PASS] testProjectionAngle5() (gas: 436984076)
[PASS] testProjectionAngle6() (gas: 436965779)
[PASS] testProjectionAngle7() (gas: 440617915)
[PASS] testSpriteStageCosts() (gas: 427034115)
[PASS] testTerminalAndMalformedPosts() (gas: 39214)
Suite result: ok. 15 passed; 0 failed; 0 skipped; finished in 5.52s (9.49s CPU time)

Ran 16 tests for test/integration/EpisodeStartup.t.sol:EpisodeStartupTest
[PASS] testIdentityDirectoryAndRuntimeOrderAreAuthenticated() (gas: 174706726)
[PASS] testLevelTagsFreeOnlyLevelOwnedAllocations() (gas: 3381670159)
[PASS] testNativeE1M1Compatibility() (gas: 1962944967)
[PASS] testNativeE1M2Baby() (gas: 2621881327)
[PASS] testNativeE1M2Nightmare() (gas: 2748358527)
[PASS] testNativeE1M2NoMonsters() (gas: 2606437928)
[PASS] testNativeE1M2Startup() (gas: 2735894754)
[PASS] testNativeE1M3Startup() (gas: 2563932043)
[PASS] testNativeE1M4Startup() (gas: 2640854942)
[PASS] testNativeE1M5Startup() (gas: 1993489731)
[PASS] testNativeE1M6Startup() (gas: 3083792386)
[PASS] testNativeE1M7Startup() (gas: 4871529681)
[PASS] testNativeE1M8Startup() (gas: 1707800325)
[PASS] testNativeE1M9Startup() (gas: 2496309633)
[PASS] testSelectionDomainRejectsOutsideEpisodeOne() (gas: 39532451)
[PASS] testStrictPolicyChangesNoLogicalSetupOrAllocation() (gas: 2735894974)
Suite result: ok. 16 passed; 0 failed; 0 skipped; finished in 10.38s (24.37s CPU time)

Ran 16 tests for test/unit/r_plane.t.sol:RPlanesTest
[PASS] testBoundsAndUndefinedDomains() (gas: 183739856)
[PASS] testNativeClearAll18ViewSizes() (gas: 290026180)
[PASS] testNativeConstructionCapacity() (gas: 49346410)
[PASS] testNativeConstructionOverlapSkyCoalescing() (gas: 16842380)
[PASS] testNativeConstructionRepeatedClear() (gas: 16569557)
[PASS] testNativeDrawFlatSky() (gas: 554674939)
[PASS] testNativeMakeSpans() (gas: 288435683)
[PASS] testNativeMapCacheLighting() (gas: 703103116)
[PASS] testOriginalPlaneAngle0() (gas: 504781249)
[PASS] testOriginalPlaneAngle1() (gas: 487445010)
[PASS] testOriginalPlaneAngle2() (gas: 433909885)
[PASS] testOriginalPlaneAngle3() (gas: 435146494)
[PASS] testOriginalPlaneAngle4() (gas: 433930265)
[PASS] testOriginalPlaneAngle5() (gas: 435692578)
[PASS] testOriginalPlaneAngle6() (gas: 434301556)
[PASS] testOriginalPlaneAngle7() (gas: 482866206)
Suite result: ok. 16 passed; 0 failed; 0 skipped; finished in 6.29s (12.81s CPU time)

Ran 4 tests for test/unit/p_zone_setup.t.sol:PZoneSetupTest
[PASS] testActualSetupGeometryFunctionsMatchNativeHeaders() (gas: 903925700)
[PASS] testFullAtomicInitializationMatchesNativeHeaders() (gas: 1816411058)
[PASS] testOriginalGeometryOperationOrderAndHeaders() (gas: 818903803)
[PASS] testWholeOriginalSetupWithRealSpawnHooksMatchesNativeHeaders() (gas: 992087190)
Suite result: ok. 4 passed; 0 failed; 0 skipped; finished in 6.60s (3.39s CPU time)

Ran 36 test suites in 10.38s (84.00s CPU time): 284 tests passed, 0 failed, 0 skipped (284 total tests)
