✔ palette validates RGB bytes, kind and identity independent of key order (17.239917ms)
✔ strict ABI decode and palette expansion only (1.40725ms)
✔ duplicates, out-of-order delivery, gaps and removed logs (0.257208ms)
✔ palette is bound to frame/transaction/address/block with exact RGB8 ABI (3.699875ms)
✔ slow older palette receipt cannot overwrite newer Canvas presentation (0.675458ms)
✔ missing/duplicate/reverted receipt palettes fail and invalidated sessions do not paint (3.319875ms)
✔ legacy presentation retains synchronous raw palette and needs no receipt RPC (0.116041ms)
✔ nine-map package preserves accepted bundle and palette identities and exact golden catalog (185.090208ms)
✔ E1M1: all ten raw lumps have original IDs, names, offsets, bytes and checksums (137.874166ms)
✔ E1M2: all ten raw lumps have original IDs, names, offsets, bytes and checksums (147.47875ms)
✔ E1M3: all ten raw lumps have original IDs, names, offsets, bytes and checksums (144.235167ms)
✔ E1M4: all ten raw lumps have original IDs, names, offsets, bytes and checksums (141.777333ms)
✔ E1M5: all ten raw lumps have original IDs, names, offsets, bytes and checksums (135.26475ms)
✔ E1M6: all ten raw lumps have original IDs, names, offsets, bytes and checksums (151.85625ms)
✔ E1M7: all ten raw lumps have original IDs, names, offsets, bytes and checksums (166.8295ms)
✔ E1M8: all ten raw lumps have original IDs, names, offsets, bytes and checksums (130.2115ms)
✔ E1M9: all ten raw lumps have original IDs, names, offsets, bytes and checksums (141.805375ms)
✔ native C covers every map field, ten raw lumps and accepted shared resources (1870.035666ms)
✔ full catalog, bundle and blob verify by deterministic regeneration (1731.292458ms)
✔ forged catalog with freshly computed hashes cannot rebind E1M2 to E1M1 (1727.791041ms)
✔ valid-looking catalog cannot omit or reorder maps or change provenance (5175.819ms)
✔ source corruption is rejected by WAD pin, bundle and blob verification (3437.662667ms)
✔ schema rejects unknown fields, other episodes, missing lumps, malformed hashes and signed offsets (36.011125ms)
✔ map-scoped parsing rejects E1M7 corruption without reading another maps geometry (12.09925ms)
✔ later duplicate map markers retain original last-match selection and strict relative layout (3.618792ms)
✔ complete minimal classic IWAD validates each resource family (1.947667ms)
✔ directory last-match uses original strncpy padding; raw names, duplicates and markers preserved (0.310708ms)
✔ rejects invalid WAD envelope without allocating from hostile counts (1.039167ms)
✔ rejects vertex record remainder (0.2425ms)
✔ rejects signed vertex reference (0.183ms)
✔ rejects oversized side reference (0.154ms)
✔ rejects invalid negative side (0.140625ms)
✔ rejects two-sided absent back (0.902167ms)
✔ rejects missing front side (0.470333ms)
✔ rejects side sector index (0.579291ms)
✔ rejects seg vertex index (0.2175ms)
✔ rejects seg line index (0.262458ms)
✔ rejects seg side domain (0.154542ms)
✔ rejects seg absent back (0.147167ms)
✔ rejects subsector span (0.194375ms)
✔ rejects negative firstseg (0.145291ms)
✔ rejects empty subsector (0.103541ms)
✔ rejects node child index (0.121584ms)
✔ rejects leaf child index (0.500833ms)
✔ rejects BSP cycle (0.36325ms)
✔ rejects REJECT matrix (0.19ms)
✔ rejects BLOCKMAP dimensions (0.176292ms)
✔ rejects BLOCKMAP negative offset (0.423959ms)
✔ rejects BLOCKMAP header offset (0.246041ms)
✔ rejects BLOCKMAP initial zero (0.379084ms)
✔ rejects BLOCKMAP linedef (0.274084ms)
✔ rejects BLOCKMAP terminator (0.40125ms)
✔ rejects PLAYPAL stride (0.372709ms)
✔ rejects COLORMAP count (0.209125ms)
✔ rejects PNAMES count (0.183292ms)
✔ rejects PNAMES missing patch (0.175125ms)
✔ rejects TEXTURE count (0.117083ms)
✔ rejects TEXTURE offset (0.113167ms)
✔ rejects TEXTURE dimensions (0.128666ms)
✔ rejects TEXTURE patch count (0.110292ms)
✔ rejects TEXTURE patch index (0.117125ms)
✔ rejects patch column offset (0.111625ms)
✔ rejects patch length (0.101125ms)
✔ rejects patch terminator (0.267166ms)
✔ rejects flat length (0.152375ms)
✔ rejects missing sector flat (0.117167ms)
✔ rejects missing sidedef texture (0.112291ms)
✔ rejects extended map layouts and retains classic zero-node map (0.154416ms)
✔ snapshot raw bytes and record signedness retain upstream disk ABI (1.559708ms)
✔ canonical manifest is recursive, compact ASCII JSON with sorted keys (0.138541ms)
✔ v0 palette schema rejects unknown fields, missing identity, malformed hex and booleans (1.984375ms)
✔ BSP detects multi-node and disconnected cycles while permitting shared children (0.425375ms)
✔ near-end offsets and counts reject one-byte truncations, not only integer extremes (0.608833ms)
✔ original absolute patch post offsets permit clipping without tall-patch normalization (0.128625ms)
✔ BSP root cannot overlap NF_SUBSECTOR flag (55.103292ms)
✔ WAD magic compares all eight bits of each byte (0.322084ms)
✔ browser uses exact configured decimal/hex budgets without a fixed ceiling (0.846166ms)
✔ old browser configs discover budget from node block metadata (0.09625ms)
✔ invalid configured/node budgets fail without silently substituting a fixed limit (2.23375ms)
✔ old static DOM/autotest remains zero-button WS→receipt→Canvas flow (102.336375ms)
✔ capable deployment still does not initialize merely loading/autotesting (68.376375ms)
✔ actual Start/Stop wiring samples DOM keyboard, pauses on blur, and resumes without duplicate initialize (21.522ms)
✔ native-zone capable autotest remains static; explicit Start serializes preparation and initialization (69.548375ms)
✔ native-zone prepared reload starts without preparing again (1.37475ms)
✔ nativeZone atomic app needs one startup transaction and retains static/held-frame transport (92.926708ms)
✔ old static app without gas config discovers node budget and preserves zero-input Frames (44.407958ms)
✔ UI profile starts original UI explicitly with selected view and keeps sequence/Frame ABI (3.993459ms)
✔ legacy deployment reads only its counter and keeps static zero-button ABI (0.912542ms)
✔ explicit start initializes once, preserves static counter, and reload/resume reuses initialized state (4.11875ms)
✔ single transaction lock rejects overlap during receipt wait (0.267334ms)
✔ connection side effects occur only after valid exclusive command reservation (1.409958ms)
✔ definite revert releases lock and does not consume input sequence (0.215834ms)
✔ send uncertainty halts all subsequent inputs (0.16325ms)
✔ receipt uncertainty halts all subsequent inputs (0.119917ms)
✔ mined invalid Frame consumes counter and invalidates display channel (0.733459ms)
✔ multiple Frame logs invalidate channel while WS/receipt duplicate is accepted once (0.520625ms)
✔ chain invalidation during pending transaction prevents receipt display (0.401334ms)
✔ initialization requires actual confirmed gameStarted and blocks concurrent start (0.374583ms)
✔ uint32 sequence exhaustion and invalid packet fail before transaction submission (0.162833ms)
✔ loop samples held keys once per accepted tic with no in-flight backlog (0.652584ms)
✔ stop during pending tic clears keys and prevents any successor transaction (0.191417ms)
✔ stop during initialization settles initialization but does not send a tic (0.176ms)
✔ loop error stops and clears held input; successful resume needs explicit Start (0.137458ms)
✔ blur and visibility stop active loop while inactive keys retain browser behavior (0.240667ms)
✔ metadata must be canonical uint32/bool ABI words (0.172584ms)
✔ native-zone Start prepares then initializes under one lock without counters or Frames (0.184125ms)
✔ prepared but uninitialized reload skips preparation and preserves legacy ABI calls (0.113541ms)
✔ Stop during preparation settles it, defers initialization, and resume does not prepare twice (0.167541ms)
✔ prepare revert releases channel while prepare uncertainty prevents initialization (0.139167ms)
✔ initialization revert after preparation permits resume without duplicate preparation (0.258459ms)
✔ preparation must confirm a canonical flag, unchanged counter, and no Frame (0.924ms)
✔ direct staged Start invalidated during pending preparation never submits initialization (0.783542ms)
✔ nativeZone atomic default uses one initialize and never queries or calls preparation ABI (0.519625ms)
✔ native translation preserves unshifted original key numbers and raw repeat/order (0.988083ms)
✔ ordered event batches retain backlog and encode exact bounded dynamic ABI (0.265834ms)
✔ raw startup is explicit; rendered/no-render packets share sequence and transaction lock (0.963834ms)
✔ stop during a pending raw tic settles it then flushes releases in one no-render tic (0.834958ms)
✔ raw failures retain packet and stop without automatic mutation retry (0.909791ms)
✔ raw blur creates releases, preserves pending events and blocks inactive input (0.207875ms)
✔ all valid packets encode exact existing uint32,uint32 ABI (30.174333ms)
✔ reserved and malformed packets/sequences rejected (0.657417ms)
✔ held keys, alias release, modifiers and original lowest-digit priority (0.207667ms)
✔ all logical keyboard bits map independently (0.310375ms)
✔ binding handles repeats, focus loss, visibility and disposal (0.922459ms)
ℹ tests 124
ℹ suites 0
ℹ pass 124
ℹ fail 0
ℹ cancelled 0
ℹ skipped 0
ℹ todo 0
ℹ duration_ms 17593.521
