✔ missing Chrome exits cleanly and removes its Anvil, server, and temporary profile (853.153167ms)
✔ palette validates RGB bytes, kind and identity independent of key order (5.423ms)
✔ strict ABI decode and palette expansion only (1.934167ms)
✔ duplicates, out-of-order delivery, gaps and removed logs (0.316791ms)
✔ palette is bound to frame/transaction/address/block with exact RGB8 ABI (1.67175ms)
✔ slow older palette receipt cannot overwrite newer Canvas presentation (0.623209ms)
✔ missing/duplicate/reverted receipt palettes fail and invalidated sessions do not paint (4.520208ms)
✔ legacy presentation retains synchronous raw palette and needs no receipt RPC (0.10375ms)
✔ browser uses exact configured decimal/hex budgets without a fixed ceiling (0.9745ms)
✔ old browser configs discover budget from node block metadata (0.099083ms)
✔ invalid configured/node budgets fail without silently substituting a fixed limit (1.027334ms)
✔ episode startup confirms state without consuming sequence; resume reuses deployment (4.254833ms)
✔ new game, restart and pause share the exclusive sequenced Frame channel (0.795542ms)
✔ reverted episode control keeps sequence; invalid selection sends nothing (0.380458ms)
✔ pending control excludes keyboard input until its mined receipt settles (2.397292ms)
✔ old static DOM/autotest remains zero-button WS→receipt→Canvas flow (87.296292ms)
✔ capable deployment still does not initialize merely loading/autotesting (72.51125ms)
✔ actual Start/Stop wiring samples DOM keyboard, pauses on blur, and resumes without duplicate initialize (21.86375ms)
✔ native-zone capable autotest remains static; explicit Start serializes preparation and initialization (74.600166ms)
✔ native-zone prepared reload starts without preparing again (2.656625ms)
✔ nativeZone atomic app needs one startup transaction and retains static/held-frame transport (69.228042ms)
✔ old static app without gas config discovers node budget and preserves zero-input Frames (46.784125ms)
✔ UI profile starts original UI explicitly with selected view and keeps sequence/Frame ABI (2.312667ms)
✔ legacy deployment reads only its counter and keeps static zero-button ABI (0.952167ms)
✔ explicit start initializes once, preserves static counter, and reload/resume reuses initialized state (1.525ms)
✔ single transaction lock rejects overlap during receipt wait (0.665833ms)
✔ connection side effects occur only after valid exclusive command reservation (0.5355ms)
✔ definite revert releases lock and does not consume input sequence (0.198458ms)
✔ send uncertainty halts all subsequent inputs (0.168ms)
✔ receipt uncertainty halts all subsequent inputs (0.121583ms)
✔ mined invalid Frame consumes counter and invalidates display channel (0.140042ms)
✔ multiple Frame logs invalidate channel while WS/receipt duplicate is accepted once (0.174ms)
✔ chain invalidation during pending transaction prevents receipt display (0.109125ms)
✔ initialization requires actual confirmed gameStarted and blocks concurrent start (0.128834ms)
✔ uint32 sequence exhaustion and invalid packet fail before transaction submission (0.128708ms)
✔ loop samples held keys once per accepted tic with no in-flight backlog (0.423292ms)
✔ stop during pending tic clears keys and prevents any successor transaction (0.151458ms)
✔ stop during initialization settles initialization but does not send a tic (0.094834ms)
✔ loop error stops and clears held input; successful resume needs explicit Start (0.118ms)
✔ blur and visibility stop active loop while inactive keys retain browser behavior (0.227041ms)
✔ metadata must be canonical uint32/bool ABI words (0.152708ms)
✔ native-zone Start prepares then initializes under one lock without counters or Frames (0.165292ms)
✔ prepared but uninitialized reload skips preparation and preserves legacy ABI calls (0.10425ms)
✔ Stop during preparation settles it, defers initialization, and resume does not prepare twice (0.148459ms)
✔ prepare revert releases channel while prepare uncertainty prevents initialization (0.123959ms)
✔ initialization revert after preparation permits resume without duplicate preparation (0.105083ms)
✔ preparation must confirm a canonical flag, unchanged counter, and no Frame (0.233584ms)
✔ direct staged Start invalidated during pending preparation never submits initialization (0.096459ms)
✔ nativeZone atomic default uses one initialize and never queries or calls preparation ABI (0.094ms)
✔ native translation preserves unshifted original key numbers and raw repeat/order (0.904334ms)
✔ ordered event batches retain backlog and encode exact bounded dynamic ABI (0.301458ms)
✔ raw startup is explicit; rendered/no-render packets share sequence and transaction lock (1.699375ms)
✔ stop during a pending raw tic settles it then flushes releases in one no-render tic (0.847959ms)
✔ raw failures retain packet and stop without automatic mutation retry (0.9005ms)
✔ raw blur creates releases, preserves pending events and blocks inactive input (0.213833ms)
✔ all valid packets encode exact existing uint32,uint32 ABI (16.511625ms)
✔ reserved and malformed packets/sequences rejected (0.252167ms)
✔ held keys, alias release, modifiers and original lowest-digit priority (0.187958ms)
✔ all logical keyboard bits map independently (0.072291ms)
✔ binding handles repeats, focus loss, visibility and disposal (0.230083ms)
✔ every production player defaults to EVM menu with explicit legacy opt-out (1.362042ms)
✔ automatic menu startup consumes neither a game nor sequence and reuses persisted menu (1.268834ms)
✔ title events retain exact shared raw ABI and malformed packets send nothing (0.369458ms)
✔ pending menu navigation excludes overlapping input and mined revert keeps sequence (0.299208ms)
✔ uncertain menu submission blocks subsequent mutation (0.613708ms)
✔ existing legacy game cannot silently switch startup profile (1.355833ms)
ℹ tests 66
ℹ suites 0
ℹ pass 66
ℹ fail 0
ℹ cancelled 0
ℹ skipped 0
ℹ todo 0
ℹ duration_ms 962.128
