Verified CREATE 300
Verified CREATE 600
Verified CREATE 900
Verified CREATE 1200
Verified CREATE 1500
Episode One ready: http://127.0.0.1:18936. Select a level and click New Game. Ctrl-C stops only this launcher’s runtimes.
node:internal/fs/promises:642
  return new FileHandle(await PromisePrototypeThen(
                        ^

Error: ENOENT: no such file or directory, open '/Users/eduard/sandbox/doom-evm/artifacts/phase4/episode-speedrun-main/fresh-launch.config.json'
    at async open (node:internal/fs/promises:642:25)
    at async readFile (node:internal/fs/promises:1279:14)
    at async file:///Users/eduard/sandbox/doom-evm/artifacts/local/episode-speedrun-main/runtime/tools/transport/episode-browser-check.mjs:14:25 {
  errno: -2,
  code: 'ENOENT',
  syscall: 'open',
  path: '/Users/eduard/sandbox/doom-evm/artifacts/phase4/episode-speedrun-main/fresh-launch.config.json'
}

Node.js v24.11.0
{"pass":true,"frames":0,"routes":0,"evidence":"/Users/eduard/sandbox/doom-evm/artifacts/phase4/episode-speedrun-main/fresh-launch.json"}
node:internal/modules/run_main:107
    triggerUncaughtException(
    ^

AssertionError [ERR_ASSERTION]: Fresh launcher Canvas/DOM

1 !== 0

    at file:///Users/eduard/sandbox/doom-evm/artifacts/local/episode-speedrun-main/fresh-launch.mjs:23:9
    at process.processTicksAndRejections (node:internal/process/task_queues:105:5) {
  generatedMessage: false,
  code: 'ERR_ASSERTION',
  actual: 1,
  expected: 0,
  operator: 'strictEqual',
  diff: 'simple'
}

Node.js v24.11.0
