✔ palette validates RGB bytes, kind and identity independent of key order (4.453083ms)
✔ browser uses exact configured decimal/hex budgets without a fixed ceiling (0.728541ms)
✔ old browser configs discover budget from node block metadata (0.09125ms)
✔ invalid configured/node budgets fail without silently substituting a fixed limit (0.780709ms)
✔ old static DOM/autotest remains zero-button WS→receipt→Canvas flow (69.849041ms)
✔ capable deployment still does not initialize merely loading/autotesting (64.14575ms)
✔ actual Start/Stop wiring samples DOM keyboard, pauses on blur, and resumes without duplicate initialize (20.938292ms)
✔ native-zone capable autotest remains static; explicit Start serializes preparation and initialization (64.483833ms)
✔ native-zone prepared reload starts without preparing again (1.365583ms)
✔ nativeZone atomic app needs one startup transaction and retains static/held-frame transport (57.954ms)
✔ old static app without gas config discovers node budget and preserves zero-input Frames (40.832208ms)
✔ native translation preserves unshifted original key numbers and raw repeat/order (0.793125ms)
✔ ordered event batches retain backlog and encode exact bounded dynamic ABI (0.24075ms)
✔ raw startup is explicit; rendered/no-render packets share sequence and transaction lock (0.884041ms)
✔ stop during a pending raw tic settles it then flushes releases in one no-render tic (0.734958ms)
✔ raw failures retain packet and stop without automatic mutation retry (0.807208ms)
✔ raw blur creates releases, preserves pending events and blocks inactive input (0.493666ms)
ℹ tests 17
ℹ suites 0
ℹ pass 17
ℹ fail 0
ℹ cancelled 0
ℹ skipped 0
ℹ todo 0
ℹ duration_ms 372.111416
