✔ strict ABI decode and palette expansion only (2.299166ms)
✔ duplicates, out-of-order delivery, gaps and removed logs (0.312375ms)
✔ palette is bound to frame/transaction/address/block with exact RGB8 ABI (3.644375ms)
✔ slow older palette receipt cannot overwrite newer Canvas presentation (1.526417ms)
✔ missing/duplicate/reverted receipt palettes fail and invalidated sessions do not paint (1.621083ms)
✔ legacy presentation retains synchronous raw palette and needs no receipt RPC (0.11575ms)
✔ nine-map package preserves accepted bundle and palette identities and exact golden catalog (182.507833ms)
✔ E1M1: all ten raw lumps have original IDs, names, offsets, bytes and checksums (133.51ms)
✔ E1M2: all ten raw lumps have original IDs, names, offsets, bytes and checksums (144.667583ms)
✔ E1M3: all ten raw lumps have original IDs, names, offsets, bytes and checksums (143.397125ms)
✔ E1M4: all ten raw lumps have original IDs, names, offsets, bytes and checksums (141.443875ms)
✔ E1M5: all ten raw lumps have original IDs, names, offsets, bytes and checksums (134.990875ms)
✔ E1M6: all ten raw lumps have original IDs, names, offsets, bytes and checksums (146.260125ms)
✔ E1M7: all ten raw lumps have original IDs, names, offsets, bytes and checksums (168.799042ms)
✔ E1M8: all ten raw lumps have original IDs, names, offsets, bytes and checksums (129.222584ms)
✔ E1M9: all ten raw lumps have original IDs, names, offsets, bytes and checksums (144.81875ms)
✔ native C covers every map field, ten raw lumps and accepted shared resources (1893.349208ms)
✔ full catalog, bundle and blob verify by deterministic regeneration (1748.724083ms)
✔ forged catalog with freshly computed hashes cannot rebind E1M2 to E1M1 (1731.049ms)
✔ valid-looking catalog cannot omit or reorder maps or change provenance (5356.592083ms)
✔ source corruption is rejected by WAD pin, bundle and blob verification (3516.920291ms)
✔ schema rejects unknown fields, other episodes, missing lumps, malformed hashes and signed offsets (34.767958ms)
✔ map-scoped parsing rejects E1M7 corruption without reading another maps geometry (11.845958ms)
✔ later duplicate map markers retain original last-match selection and strict relative layout (3.606583ms)
✔ complete minimal classic IWAD validates each resource family (1.615542ms)
✔ directory last-match uses original strncpy padding; raw names, duplicates and markers preserved (0.36725ms)
✔ rejects invalid WAD envelope without allocating from hostile counts (0.891875ms)
✔ rejects vertex record remainder (0.211208ms)
✔ rejects signed vertex reference (0.165917ms)
✔ rejects oversized side reference (0.141792ms)
✔ rejects invalid negative side (0.136833ms)
✔ rejects two-sided absent back (0.516416ms)
✔ rejects missing front side (0.171291ms)
✔ rejects side sector index (0.188959ms)
✔ rejects seg vertex index (0.154583ms)
✔ rejects seg line index (0.132167ms)
✔ rejects seg side domain (0.131625ms)
✔ rejects seg absent back (0.123625ms)
✔ rejects subsector span (0.114791ms)
✔ rejects negative firstseg (0.104458ms)
✔ rejects empty subsector (0.098625ms)
✔ rejects node child index (0.105958ms)
✔ rejects leaf child index (0.151833ms)
✔ rejects BSP cycle (0.136083ms)
✔ rejects REJECT matrix (0.122417ms)
✔ rejects BLOCKMAP dimensions (0.123041ms)
✔ rejects BLOCKMAP negative offset (0.351333ms)
✔ rejects BLOCKMAP header offset (0.108708ms)
✔ rejects BLOCKMAP initial zero (0.1065ms)
✔ rejects BLOCKMAP linedef (0.103875ms)
✔ rejects BLOCKMAP terminator (0.125041ms)
✔ rejects PLAYPAL stride (0.113667ms)
✔ rejects COLORMAP count (0.132917ms)
✔ rejects PNAMES count (0.14325ms)
✔ rejects PNAMES missing patch (0.128458ms)
✔ rejects TEXTURE count (0.099125ms)
✔ rejects TEXTURE offset (0.157ms)
✔ rejects TEXTURE dimensions (0.204042ms)
✔ rejects TEXTURE patch count (0.130625ms)
✔ rejects TEXTURE patch index (0.121875ms)
✔ rejects patch column offset (0.134375ms)
✔ rejects patch length (0.105875ms)
✔ rejects patch terminator (0.515042ms)
✔ rejects flat length (0.197583ms)
✔ rejects missing sector flat (0.140667ms)
✔ rejects missing sidedef texture (0.125333ms)
✔ rejects extended map layouts and retains classic zero-node map (0.169125ms)
✔ snapshot raw bytes and record signedness retain upstream disk ABI (1.6115ms)
✔ canonical manifest is recursive, compact ASCII JSON with sorted keys (0.315ms)
✔ v0 palette schema rejects unknown fields, missing identity, malformed hex and booleans (2.028584ms)
✔ BSP detects multi-node and disconnected cycles while permitting shared children (0.393375ms)
✔ near-end offsets and counts reject one-byte truncations, not only integer extremes (0.472ms)
✔ original absolute patch post offsets permit clipping without tall-patch normalization (0.128834ms)
✔ BSP root cannot overlap NF_SUBSECTOR flag (48.2305ms)
✔ WAD magic compares all eight bits of each byte (0.264541ms)
✔ episode startup confirms state without consuming sequence; resume reuses deployment (1.328125ms)
✔ new game, restart and pause share the exclusive sequenced Frame channel (0.843459ms)
✔ reverted episode control keeps sequence; invalid selection sends nothing (0.408125ms)
✔ pending control excludes keyboard input until its mined receipt settles (0.213833ms)
✔ UI profile starts original UI explicitly with selected view and keeps sequence/Frame ABI (1.727666ms)
✔ legacy deployment reads only its counter and keeps static zero-button ABI (0.462541ms)
✔ explicit start initializes once, preserves static counter, and reload/resume reuses initialized state (1.350625ms)
✔ single transaction lock rejects overlap during receipt wait (0.254ms)
✔ connection side effects occur only after valid exclusive command reservation (0.198042ms)
✔ definite revert releases lock and does not consume input sequence (0.17525ms)
✔ send uncertainty halts all subsequent inputs (0.154792ms)
✔ receipt uncertainty halts all subsequent inputs (0.112209ms)
✔ mined invalid Frame consumes counter and invalidates display channel (0.135417ms)
✔ multiple Frame logs invalidate channel while WS/receipt duplicate is accepted once (0.163084ms)
✔ chain invalidation during pending transaction prevents receipt display (0.095ms)
✔ initialization requires actual confirmed gameStarted and blocks concurrent start (0.124666ms)
✔ uint32 sequence exhaustion and invalid packet fail before transaction submission (0.123833ms)
✔ loop samples held keys once per accepted tic with no in-flight backlog (0.383417ms)
✔ stop during pending tic clears keys and prevents any successor transaction (0.167375ms)
✔ stop during initialization settles initialization but does not send a tic (0.108ms)
✔ loop error stops and clears held input; successful resume needs explicit Start (0.12925ms)
✔ blur and visibility stop active loop while inactive keys retain browser behavior (0.231875ms)
✔ metadata must be canonical uint32/bool ABI words (0.140167ms)
✔ native-zone Start prepares then initializes under one lock without counters or Frames (0.164209ms)
✔ prepared but uninitialized reload skips preparation and preserves legacy ABI calls (0.118667ms)
✔ Stop during preparation settles it, defers initialization, and resume does not prepare twice (0.16675ms)
✔ prepare revert releases channel while prepare uncertainty prevents initialization (0.131ms)
✔ initialization revert after preparation permits resume without duplicate preparation (0.160625ms)
✔ preparation must confirm a canonical flag, unchanged counter, and no Frame (0.281958ms)
✔ direct staged Start invalidated during pending preparation never submits initialization (0.113ms)
✔ nativeZone atomic default uses one initialize and never queries or calls preparation ABI (0.106ms)
✔ all valid packets encode exact existing uint32,uint32 ABI (17.525458ms)
✔ reserved and malformed packets/sequences rejected (0.246083ms)
✔ held keys, alias release, modifiers and original lowest-digit priority (0.169958ms)
✔ all logical keyboard bits map independently (0.069333ms)
✔ binding handles repeats, focus loss, visibility and disposal (0.228083ms)
ℹ tests 111
ℹ suites 0
ℹ pass 111
ℹ fail 0
ℹ cancelled 0
ℹ skipped 0
ℹ todo 0
ℹ duration_ms 17875.520083
