Compiling 105 files with Solc 0.8.37
Solc 0.8.37 finished in 245.74s
Compiler run successful with warnings:
Warning (6335): "at" will be promoted to keyword in the future and will not be allowed as an identifier anymore.
  --> src/doom/v_video.sol:77:41:
   |
77 |     function _short(bytes memory patch, uint256 at) private pure returns (int32) {
   |                                         ^^^^^^^^^^

Warning (6335): "at" will be promoted to keyword in the future and will not be allowed as an identifier anymore.
   --> src/doom/v_video.sol:102:13:
    |
102 |             uint256 at = 8 + uint32(flipped ? width - 1 - col : col) * 4;
    |             ^^^^^^^^^^

Warning (6335): "at" will be promoted to keyword in the future and will not be allowed as an identifier anymore.
  --> src/doom/hu_lib.sol:69:41:
   |
69 |     function patchShort(bytes memory p, uint256 at) internal pure returns (int32) {
   |                                         ^^^^^^^^^^

Warning (6335): "at" will be promoted to keyword in the future and will not be allowed as an identifier anymore.
  --> src/doom/p_switch.sol:76:9:
   |
76 |         uint256 at;
   |         ^^^^^^^^^^

Warning (6335): "at" will be promoted to keyword in the future and will not be allowed as an identifier anymore.
   --> src/doom/p_spec.sol:216:9:
    |
216 |         uint256 at;
    |         ^^^^^^^^^^

Warning (6335): "at" will be promoted to keyword in the future and will not be allowed as an identifier anymore.
   --> src/doom/p_spec.sol:383:9:
    |
383 |         uint256 at;
    |         ^^^^^^^^^^

Warning (6335): "at" will be promoted to keyword in the future and will not be allowed as an identifier anymore.
   --> src/doom/p_maputl.sol:285:13:
    |
285 |             uint32 at = C.NULL;
    |             ^^^^^^^^^

Warning (6335): "at" will be promoted to keyword in the future and will not be allowed as an identifier anymore.
   --> src/doom/st_lib.sol:170:36:
    |
170 |     function SHORT(bytes memory p, uint256 at) internal pure returns (int32) {
    |                                    ^^^^^^^^^^

Warning (6335): "at" will be promoted to keyword in the future and will not be allowed as an identifier anymore.
  --> test/integration/VideoPrimitives.t.sol:65:13:
   |
65 |             uint256 at = 8 + col * 4;
   |             ^^^^^^^^^^

Warning (6335): "at" will be promoted to keyword in the future and will not be allowed as an identifier anymore.
   --> test/unit/v_video.t.sol:201:13:
    |
201 |             uint256 at = row * 260;
    |             ^^^^^^^^^^

Warning (2319): This declaration shadows a builtin symbol.
  --> src/doom/z_zone.sol:63:5:
   |
63 |     function block(ZoneState memory z, uint32 id) private pure returns (ZoneBlock memory b) {
   |     ^ (Relevant source part starts here and spans across multiple lines).

Warning (2319): This declaration shadows a builtin symbol.
   --> src/doom/hu_lib.sol:145:77:
    |
145 |     function HUlib_addMessageToSText(HuSText memory s, bytes memory prefix, bytes memory msg) internal pure {
    |                                                                             ^^^^^^^^^^^^^^^^

Warning (2319): This declaration shadows a builtin symbol.
   --> src/doom/p_maputl.sol:165:21:
    |
165 |                     uint32 block = uint32(by * c.state.blockmap.width + bx);
    |                     ^^^^^^^^^^^^

Warning (2319): This declaration shadows a builtin symbol.
   --> src/doom/p_enemy.sol:163:13:
    |
163 |             int32 tx = actor.x + info(c, id).speed * xspeed(actor.movedir);
    |             ^^^^^^^^

Warning (2519): This declaration shadows an existing declaration.
   --> src/doom/p_map.sol:407:17:
    |
407 |                 int32 frac = hit.frac - F.FixedDiv(4 * 65536, c.move.attackrange);
    |                 ^^^^^^^^^^
Note: The shadowed declaration is here:
   --> src/doom/p_map.sol:427:13:
    |
427 |             int32 frac = hit.frac - F.FixedDiv(10 * 65536, c.move.attackrange);
    |             ^^^^^^^^^^

Warning (2519): This declaration shadows an existing declaration.
   --> src/doom/p_map.sol:408:17:
    |
408 |                 int32 x = c.path.trace.x + F.FixedMul(c.path.trace.dx, frac);
    |                 ^^^^^^^
Note: The shadowed declaration is here:
   --> src/doom/p_map.sol:428:13:
    |
428 |             int32 x = c.path.trace.x + F.FixedMul(c.path.trace.dx, frac);
    |             ^^^^^^^

Warning (2519): This declaration shadows an existing declaration.
   --> src/doom/p_map.sol:409:17:
    |
409 |                 int32 y = c.path.trace.y + F.FixedMul(c.path.trace.dy, frac);
    |                 ^^^^^^^
Note: The shadowed declaration is here:
   --> src/doom/p_map.sol:429:13:
    |
429 |             int32 y = c.path.trace.y + F.FixedMul(c.path.trace.dy, frac);
    |             ^^^^^^^

Warning (2519): This declaration shadows an existing declaration.
   --> src/doom/p_map.sol:410:17:
    |
410 |                 int32 z = c.move.shootz + F.FixedMul(c.move.aimslope, F.FixedMul(frac, c.move.attackrange));
    |                 ^^^^^^^
Note: The shadowed declaration is here:
   --> src/doom/p_map.sol:430:13:
    |
430 |             int32 z = c.move.shootz + F.FixedMul(c.move.aimslope, F.FixedMul(frac, c.move.attackrange));
    |             ^^^^^^^

Warning (2319): This declaration shadows a builtin symbol.
   --> src/doom/r_things.sol:145:13:
    |
145 |             int32 tx = -(M_Fixed.FixedMul(tr_y, c.rs.viewcos) - M_Fixed.FixedMul(tr_x, c.rs.viewsin));
    |             ^^^^^^^^

Warning (2319): This declaration shadows a builtin symbol.
   --> src/doom/r_things.sol:323:13:
    |
323 |             int32 tx = p.sx - 160 * 65536 - c.resources.spriteoffset[l];
    |             ^^^^^^^^

Warning (2018): Function state mutability can be restricted to pure
   --> src/doom/p_switch.sol:129:5:
    |
129 |     function P_UseSpecialLine(GameContext memory c, uint32 thing, uint32 line, int32 side)
    |     ^ (Relevant source part starts here and spans across multiple lines).

Warning (2018): Function state mutability can be restricted to pure
   --> src/doom/p_spec.sol:346:5:
    |
346 |     function P_SpawnSpecials(GameContext memory c) internal view {
    |     ^ (Relevant source part starts here and spans across multiple lines).

Warning (2018): Function state mutability can be restricted to pure
   --> src/doom/p_spec.sol:598:5:
    |
598 |     function P_ShootSpecialLine(GameContext memory c, uint32 thing, uint32 line) internal view {
    |     ^ (Relevant source part starts here and spans across multiple lines).

Warning (2018): Function state mutability can be restricted to pure
   --> src/doom/r_plane.sol:123:5:
    |
123 |     function R_MapPlane(RenderContext memory ctx, int32 y, int32 x1, int32 x2) internal view {
    |     ^ (Relevant source part starts here and spans across multiple lines).

Warning (2018): Function state mutability can be restricted to pure
   --> src/evm/DoomGame.sol:321:5:
    |
321 |     function bossFloor(GameContext memory c, int32 tag, FloorType kind) private view returns (bool) {
    |     ^ (Relevant source part starts here and spans across multiple lines).

Warning (2018): Function state mutability can be restricted to view
   --> test/unit/hu_stuff.t.sol:199:5:
    |
199 |     function nativeRange(uint256 begin, uint256 end) private {
    |     ^ (Relevant source part starts here and spans across multiple lines).

Warning (2018): Function state mutability can be restricted to view
   --> test/unit/r_things.t.sol:446:5:
    |
446 |     function testDefinitionErrorsAndZeroRotation() public {
    |     ^ (Relevant source part starts here and spans across multiple lines).

Warning (2018): Function state mutability can be restricted to view
   --> test/unit/r_things.t.sol:473:5:
    |
473 |     function testTerminalAndMalformedPosts() public {
    |     ^ (Relevant source part starts here and spans across multiple lines).


Ran 1 test for test/unit/GameStorage.t.sol:GameStorageTest
[PASS] testPersistentGlobalsAndAliasesThroughStorageRoundTrip() (gas: 10044260)
Suite result: ok. 1 passed; 0 failed; 0 skipped; finished in 11.48ms (6.09ms CPU time)

Ran 1 test for test/unit/RenderSequence.t.sol:RenderSequenceTest
[PASS] testOriginalPassSequenceAndZeroNodeRoot() (gas: 39001)
Suite result: ok. 1 passed; 0 failed; 0 skipped; finished in 773.50µs (267.29µs CPU time)

Ran 4 tests for test/unit/st_lib.t.sol:STLibTest
[PASS] testBinaryIconFalseRestoresBackground() (gas: 1419390)
[PASS] testDisabledWidgetsDoNotReadPatchesOrScreens() (gas: 1331)
[PASS] testMultIconOffsetsRestoreAndMinusOneLeavesHistory() (gas: 1425748)
[PASS] testRejectsOriginalWidgetFatalBoundsAndUndefinedNegation() (gas: 5728174)
Suite result: ok. 4 passed; 0 failed; 0 skipped; finished in 37.10ms (36.97ms CPU time)

Ran 11 tests for test/unit/r_draw.t.sol:RDrawTest
[PASS] testBoundsRejections() (gas: 4836038)
[PASS] testMeasuredPrimitives() (gas: 5018033)
Logs:
  operation: 0
  draw gas (excluding fixture setup and SHA): 126797
  allocator before: 92704
  allocator after: 92704
  operation: 1
  draw gas (excluding fixture setup and SHA): 167091
  allocator before: 92704
  allocator after: 92704
  operation: 2
  draw gas (excluding fixture setup and SHA): 144479
  allocator before: 92704
  allocator after: 92704
  operation: 3
  draw gas (excluding fixture setup and SHA): 169646
  allocator before: 94528
  allocator after: 94624
  operation: 4
  draw gas (excluding fixture setup and SHA): 176185
  allocator before: 92704
  allocator after: 92704
  operation: 5
  draw gas (excluding fixture setup and SHA): 112524
  allocator before: 92704
  allocator after: 92704

[PASS] testOriginalBufferLookups() (gas: 5695739)
[PASS] testOriginalColumnPixels() (gas: 29905145)
[PASS] testOriginalFuzzPixelsAndState() (gas: 47033019)
[PASS] testOriginalLowColumnPixelsAndMutation() (gas: 27950747)
[PASS] testOriginalLowSpanCountQuirkAndMutation() (gas: 36733320)
[PASS] testOriginalSpanPixels() (gas: 36549646)
[PASS] testOriginalTranslatedInteriorPointers() (gas: 6507630)
[PASS] testOriginalTranslationTables() (gas: 1800576)
[PASS] testOriginalVideoErase() (gas: 21915623)
Suite result: ok. 11 passed; 0 failed; 0 skipped; finished in 465.07ms (459.49ms CPU time)

Ran 6 tests for test/unit/hu_stuff.t.sol:HUStuffTest
[PASS] testNativeEveryWadGlyph() (gas: 44221731)
[PASS] testNativeGameplayProducedMessages() (gas: 79872650)
[PASS] testNativeMessageTimingVisibilityAndWidgets() (gas: 80917259)
[PASS] testNativeTitlesAndErasure() (gas: 178090208)
[PASS] testOriginalWadFontResourceLoading() (gas: 4728384)
[PASS] testUndefinedMapIndexesRejected() (gas: 45948)
Suite result: ok. 6 passed; 0 failed; 0 skipped; finished in 698.15ms (692.59ms CPU time)

Ran 5 tests for test/unit/hu_lib.t.sol:HULibTest
[PASS] testFuzzTextCapacityAndTrailingNul(bytes) (runs: 256, μ: 167121, ~: 161184)
[PASS] testLineCapacityNulDeletionAndClearUpdateCounts() (gas: 179000)
[PASS] testPositionUsesPatchOffsetsWithoutGlyphScaling() (gas: 186502)
[PASS] testPrefixAndMessageShareEightyByteLimit() (gas: 221823)
[PASS] testUndefinedScrollingWidgetHeightRejected() (gas: 335221)
Suite result: ok. 5 passed; 0 failed; 0 skipped; finished in 953.45ms (947.93ms CPU time)

Ran 15 tests for test/unit/p_inter.t.sol:PInterTest
[PASS] testInvalidAmmoRejectsErrorAndOriginalArrayOverrunDomain() (gas: 437685)
[PASS] testOriginalCAllPickupSprites() (gas: 471163006)
[PASS] testOriginalCDamageArmorPowerExitAndDeath() (gas: 740268230)
[PASS] testOriginalCGiveAmmoCell() (gas: 236750236)
[PASS] testOriginalCGiveAmmoClip() (gas: 236720204)
[PASS] testOriginalCGiveAmmoMissile() (gas: 236739800)
[PASS] testOriginalCGiveAmmoShell() (gas: 236748774)
[PASS] testOriginalCGiveArmor() (gas: 42767805)
[PASS] testOriginalCGiveBody() (gas: 44451655)
[PASS] testOriginalCGiveCard() (gas: 42771858)
[PASS] testOriginalCGiveNoAmmo() (gas: 43244337)
[PASS] testOriginalCGivePower() (gas: 42770952)
[PASS] testOriginalCGiveWeapon() (gas: 91869397)
[PASS] testOriginalCMonsterDeathsGibsDropsAndKillCounting() (gas: 54169883)
[PASS] testOriginalCWeaponAmmoSelection() (gas: 121663091)
Suite result: ok. 15 passed; 0 failed; 0 skipped; finished in 2.04s (2.45s CPU time)

Ran 3 tests for test/integration/HudMessages.t.sol:HudMessagesTest
[PASS] testDisabledHudCompositionPreservesLegacyFramebuffer() (gas: 498351)
[PASS] testHudStateSurvivesSeparateCallStorageRoundTrips() (gas: 22767496)
[PASS] testRealPickupAndLockedDoorNativeTextAndEvmPixels() (gas: 793865057)
Suite result: ok. 3 passed; 0 failed; 0 skipped; finished in 2.07s (2.06s CPU time)

Ran 11 tests for test/unit/st_stuff.t.sol:STStuffTest
[PASS] testNativeAllPaletteThresholdsAndGamma() (gas: 127632622)
[PASS] testNativeAttackerDirectionsAndOriginalOuchBug() (gas: 68920498)
[PASS] testNativeEveryFaceAssetPixels() (gas: 117257091)
[PASS] testNativeFacePixelsAcrossPainTiers() (gas: 132058921)
[PASS] testNativeFacePrioritiesTrace() (gas: 73957506)
[PASS] testNativeFirstDamageReceiptState() (gas: 63311895)
[PASS] testNativeFullscreenAutomapAndRefresh() (gas: 81244816)
[PASS] testNativeIdlePainAndRestartTrace() (gas: 104894493)
[PASS] testNativeInventoryAndNumericPixels() (gas: 111379816)
[PASS] testNativeNumericEdgesAndSentinels() (gas: 94349995)
[PASS] testNativeSustainedFireAndReleaseTrace() (gas: 80821673)
Suite result: ok. 11 passed; 0 failed; 0 skipped; finished in 2.44s (2.44s CPU time)

Ran 15 tests for test/unit/v_video.t.sol:VVideoTest
[PASS] testFuzzMalformedPatchRejectsWithoutPanic(bytes,int32,int32,int32,bool) (runs: 256, μ: 206952, ~: 202896)
[PASS] testInitFourScreensAndLeavesCallerScreen4AndDirtybox() (gas: 189943)
[PASS] testMalformedHeadersOffsetsPostsAndPhysicalBounds() (gas: 2048219)
[PASS] testNativeCases00to07() (gas: 8478348)
[PASS] testNativeCases08to15() (gas: 7819581)
[PASS] testNativeCases16to23() (gas: 17518110)
[PASS] testNativeCases24to31() (gas: 59463327)
[PASS] testNativeCases32to39() (gas: 8489711)
[PASS] testNativeCases40to47() (gas: 12173322)
[PASS] testNativeCases48to57() (gas: 9745885)
[PASS] testNormalOutOfBoundsIgnoredBeforeDirtyMark() (gas: 181626)
[PASS] testOffsetsTransparencyFlippedAndDirect() (gas: 342416)
[PASS] testRectBoundsShortBuffersAndUndefinedOverlap() (gas: 999103)
[PASS] testRectScreen4StatusBarCopyAndGet() (gas: 198461)
[PASS] testVerticalCopyRetainsOriginalRowOrder() (gas: 180129)
Suite result: ok. 15 passed; 0 failed; 0 skipped; finished in 383.75ms (383.42ms CPU time)

Ran 2 tests for test/integration/VideoPrimitives.t.sol:VideoPrimitivesTest
[PASS] testEVMResourcePatchFrameFullScreen() (gas: 52875927)
[PASS] testEVMResourcePatchFrameWorld168AndStatus32() (gas: 53001836)
Suite result: ok. 2 passed; 0 failed; 0 skipped; finished in 3.01s (300.95ms CPU time)

Ran 2 tests for test/integration/StatusBar.t.sol:StatusBarIntegrationTest
[PASS] testCompleteNativeWorld168PlusStatus32Frame() (gas: 973773530)
[PASS] testLegacyWorld200FrameUnchangedWithStatusHidden() (gas: 802565725)
Suite result: ok. 2 passed; 0 failed; 0 skipped; finished in 3.36s (4.91s CPU time)

Ran 5 tests for test/unit/p_user.t.sol:PUserLifecycleTest
[PASS] testNative_P_CalcHeight() (gas: 610862582)
[PASS] testNative_P_DeathThink() (gas: 611657287)
[PASS] testNative_P_MovePlayer() (gas: 610903031)
[PASS] testNative_P_PlayerThink() (gas: 665519752)
[PASS] testNative_P_Thrust() (gas: 610852969)
Suite result: ok. 5 passed; 0 failed; 0 skipped; finished in 4.71s (5.08s CPU time)

Ran 14 tests for test/integration/ProductionUI.t.sol:ProductionUIAdapterTest
[PASS] testConsumerPersistentAttackFaceAndRelease() (gas: 1309295443)
[PASS] testConsumerPersistentDamageDirectionsAndPain() (gas: 717255184)
[PASS] testConsumerPersistentInventoryAndOriginalStaleKeys() (gas: 529443972)
[PASS] testNativeAllPaletteThresholdsAndGamma() (gas: 126807288)
[PASS] testNativeAttackerDirectionsAndOriginalOuchBug() (gas: 68225810)
[PASS] testNativeEveryFaceAssetPixels() (gas: 116610466)
[PASS] testNativeFacePixelsAcrossPainTiers() (gas: 131162961)
[PASS] testNativeFacePrioritiesTrace() (gas: 73226867)
[PASS] testNativeFirstDamageReceiptState() (gas: 62707518)
[PASS] testNativeFullscreenAutomapAndRefresh() (gas: 80628901)
[PASS] testNativeIdlePainAndRestartTrace() (gas: 103945856)
[PASS] testNativeInventoryAndNumericPixels() (gas: 110748797)
[PASS] testNativeNumericEdgesAndSentinels() (gas: 93726058)
[PASS] testNativeSustainedFireAndReleaseTrace() (gas: 80038682)
Suite result: ok. 14 passed; 0 failed; 0 skipped; finished in 5.00s (5.33s CPU time)

Ran 9 tests for test/unit/p_pspr.t.sol:PPsprTest
[PASS] testOriginalCBFGAndSpray() (gas: 449249655)
[PASS] testOriginalCChaingun() (gas: 448253676)
[PASS] testOriginalCChainsaw() (gas: 448762762)
[PASS] testOriginalCFist() (gas: 446872301)
[PASS] testOriginalCPistol() (gas: 447649522)
[PASS] testOriginalCPlasma() (gas: 447884622)
[PASS] testOriginalCRocket() (gas: 447606720)
[PASS] testOriginalCShotgun() (gas: 447527804)
[PASS] testOriginalCSuperShotgun() (gas: 447941806)
Suite result: ok. 9 passed; 0 failed; 0 skipped; finished in 5.25s (5.42s CPU time)

Ran 15 tests for test/unit/r_things.t.sol:RThingsTest
[PASS] testDefinitionErrorsAndZeroRotation() (gas: 561625)
[PASS] testEmptyShadowPreservesNullColormap() (gas: 35800)
[PASS] testOriginalDefinitionsAndStaticThings() (gas: 439859842)
[PASS] testOriginalDrawModesAndActivePSprites() (gas: 636322130)
[PASS] testOriginalProjectionEdgesAndOverflow() (gas: 6181775)
[PASS] testProjectionAngle0() (gas: 442002178)
[PASS] testProjectionAngle1() (gas: 440600221)
[PASS] testProjectionAngle2() (gas: 436907862)
[PASS] testProjectionAngle3() (gas: 436824812)
[PASS] testProjectionAngle4() (gas: 436889369)
[PASS] testProjectionAngle5() (gas: 436984076)
[PASS] testProjectionAngle6() (gas: 436965779)
[PASS] testProjectionAngle7() (gas: 440617915)
[PASS] testSpriteStageCosts() (gas: 427034115)
[PASS] testTerminalAndMalformedPosts() (gas: 39214)
Suite result: ok. 15 passed; 0 failed; 0 skipped; finished in 3.35s (9.79s CPU time)

Ran 16 tests for test/unit/r_plane.t.sol:RPlanesTest
[PASS] testBoundsAndUndefinedDomains() (gas: 183739856)
[PASS] testNativeClearAll18ViewSizes() (gas: 290026180)
[PASS] testNativeConstructionCapacity() (gas: 49346410)
[PASS] testNativeConstructionOverlapSkyCoalescing() (gas: 16842380)
[PASS] testNativeConstructionRepeatedClear() (gas: 16569557)
[PASS] testNativeDrawFlatSky() (gas: 554674939)
[PASS] testNativeMakeSpans() (gas: 288435683)
[PASS] testNativeMapCacheLighting() (gas: 703103116)
[PASS] testOriginalPlaneAngle0() (gas: 504781249)
[PASS] testOriginalPlaneAngle1() (gas: 487445010)
[PASS] testOriginalPlaneAngle2() (gas: 433909885)
[PASS] testOriginalPlaneAngle3() (gas: 435146494)
[PASS] testOriginalPlaneAngle4() (gas: 433930265)
[PASS] testOriginalPlaneAngle5() (gas: 435692578)
[PASS] testOriginalPlaneAngle6() (gas: 434301556)
[PASS] testOriginalPlaneAngle7() (gas: 482866206)
Suite result: ok. 16 passed; 0 failed; 0 skipped; finished in 5.25s (10.94s CPU time)

Ran 24 tests for test/unit/r_main.t.sol:RMainTest
[PASS] testEveryOriginalGeometryVector() (gas: 89439554)
[PASS] testLastRepresentableBSPNode() (gas: 786843603)
[PASS] testNativeViewSize10Detail0() (gas: 147050797)
[PASS] testNativeViewSize10Detail1() (gas: 84875727)
[PASS] testNativeViewSize11Detail0() (gas: 147209725)
[PASS] testNativeViewSize11Detail1() (gas: 85041371)
[PASS] testNativeViewSize3Detail0() (gas: 58985624)
[PASS] testNativeViewSize3Detail1() (gas: 40346778)
[PASS] testNativeViewSize4Detail0() (gas: 71565245)
[PASS] testNativeViewSize4Detail1() (gas: 46701145)
[PASS] testNativeViewSize5Detail0() (gas: 84131211)
[PASS] testNativeViewSize5Detail1() (gas: 53049565)
[PASS] testNativeViewSize6Detail0() (gas: 96712045)
[PASS] testNativeViewSize6Detail1() (gas: 59413373)
[PASS] testNativeViewSize7Detail0() (gas: 109286336)
[PASS] testNativeViewSize7Detail1() (gas: 65770297)
[PASS] testNativeViewSize8Detail0() (gas: 121853257)
[PASS] testNativeViewSize8Detail1() (gas: 72120458)
[PASS] testNativeViewSize9Detail0() (gas: 134435639)
[PASS] testNativeViewSize9Detail1() (gas: 78484914)
[PASS] testRejectUndefinedAndMalformedDomains() (gas: 60514)
[PASS] testRejectUnrepresentableBSPRoot() (gas: 786885931)
[PASS] testSetupPreservesInactiveFixedLightArray() (gas: 9471)
[PASS] testZeroNodeSingleSubsector() (gas: 1351)
Suite result: ok. 24 passed; 0 failed; 0 skipped; finished in 5.25s (4.05s CPU time)

Ran 18 test suites in 5.26s (44.29s CPU time): 159 tests passed, 0 failed, 0 skipped (159 total tests)
