✔ missing Chrome exits cleanly and removes its Anvil, server, and temporary profile (723.322458ms)
✔ palette validates RGB bytes, kind and identity independent of key order (4.321958ms)
✔ strict ABI decode and palette expansion only (0.90825ms)
✔ duplicates, out-of-order delivery, gaps and removed logs (0.234ms)
✔ palette is bound to frame/transaction/address/block with exact RGB8 ABI (2.02925ms)
✔ slow older palette receipt cannot overwrite newer Canvas presentation (0.658166ms)
✔ missing/duplicate/reverted receipt palettes fail and invalidated sessions do not paint (0.734542ms)
✔ legacy presentation retains synchronous raw palette and needs no receipt RPC (0.0755ms)
✔ browser uses exact configured decimal/hex budgets without a fixed ceiling (1.078125ms)
✔ old browser configs discover budget from node block metadata (0.148375ms)
✔ invalid configured/node budgets fail without silently substituting a fixed limit (1.334792ms)
✔ old static DOM/autotest remains zero-button WS→receipt→Canvas flow (69.182125ms)
✔ capable deployment still does not initialize merely loading/autotesting (60.138125ms)
✔ actual Start/Stop wiring samples DOM keyboard, pauses on blur, and resumes without duplicate initialize (19.994583ms)
✔ native-zone capable autotest remains static; explicit Start serializes preparation and initialization (64.078292ms)
✔ native-zone prepared reload starts without preparing again (1.151667ms)
✔ nativeZone atomic app needs one startup transaction and retains static/held-frame transport (58.422458ms)
✔ old static app without gas config discovers node budget and preserves zero-input Frames (40.934042ms)
✔ UI profile starts original UI explicitly with selected view and keeps sequence/Frame ABI (1.615583ms)
✔ legacy deployment reads only its counter and keeps static zero-button ABI (0.423459ms)
✔ explicit start initializes once, preserves static counter, and reload/resume reuses initialized state (1.249208ms)
✔ single transaction lock rejects overlap during receipt wait (0.235625ms)
✔ connection side effects occur only after valid exclusive command reservation (0.171791ms)
✔ definite revert releases lock and does not consume input sequence (0.15775ms)
✔ send uncertainty halts all subsequent inputs (0.141041ms)
✔ receipt uncertainty halts all subsequent inputs (0.122042ms)
✔ mined invalid Frame consumes counter and invalidates display channel (0.115917ms)
✔ multiple Frame logs invalidate channel while WS/receipt duplicate is accepted once (0.165833ms)
✔ chain invalidation during pending transaction prevents receipt display (0.104208ms)
✔ initialization requires actual confirmed gameStarted and blocks concurrent start (0.126083ms)
✔ uint32 sequence exhaustion and invalid packet fail before transaction submission (0.118084ms)
✔ loop samples held keys once per accepted tic with no in-flight backlog (0.449875ms)
✔ stop during pending tic clears keys and prevents any successor transaction (0.164917ms)
✔ stop during initialization settles initialization but does not send a tic (0.08375ms)
✔ loop error stops and clears held input; successful resume needs explicit Start (0.122125ms)
✔ blur and visibility stop active loop while inactive keys retain browser behavior (0.216709ms)
✔ metadata must be canonical uint32/bool ABI words (0.155583ms)
✔ native-zone Start prepares then initializes under one lock without counters or Frames (0.146375ms)
✔ prepared but uninitialized reload skips preparation and preserves legacy ABI calls (0.106541ms)
✔ Stop during preparation settles it, defers initialization, and resume does not prepare twice (0.121916ms)
✔ prepare revert releases channel while prepare uncertainty prevents initialization (0.12175ms)
✔ initialization revert after preparation permits resume without duplicate preparation (0.10175ms)
✔ preparation must confirm a canonical flag, unchanged counter, and no Frame (0.219ms)
✔ direct staged Start invalidated during pending preparation never submits initialization (0.092417ms)
✔ nativeZone atomic default uses one initialize and never queries or calls preparation ABI (0.09625ms)
✔ all valid packets encode exact existing uint32,uint32 ABI (14.680459ms)
✔ reserved and malformed packets/sequences rejected (0.2455ms)
✔ held keys, alias release, modifiers and original lowest-digit priority (0.164583ms)
✔ all logical keyboard bits map independently (0.20225ms)
✔ binding handles repeats, focus loss, visibility and disposal (0.271125ms)
ℹ tests 50
ℹ suites 0
ℹ pass 50
ℹ fail 0
ℹ cancelled 0
ℹ skipped 0
ℹ todo 0
ℹ duration_ms 784.611834
