✔ missing Chrome exits cleanly and removes its Anvil, server, and temporary profile (745.4745ms)
✔ palette validates RGB bytes, kind and identity independent of key order (6.323625ms)
✔ strict ABI decode and palette expansion only (0.999541ms)
✔ duplicates, out-of-order delivery, gaps and removed logs (0.255041ms)
✔ palette is bound to frame/transaction/address/block with exact RGB8 ABI (2.447834ms)
✔ slow older palette receipt cannot overwrite newer Canvas presentation (1.798041ms)
✔ missing/duplicate/reverted receipt palettes fail and invalidated sessions do not paint (1.889584ms)
✔ legacy presentation retains synchronous raw palette and needs no receipt RPC (0.124583ms)
✔ browser uses exact configured decimal/hex budgets without a fixed ceiling (0.81225ms)
✔ old browser configs discover budget from node block metadata (0.098958ms)
✔ invalid configured/node budgets fail without silently substituting a fixed limit (0.8175ms)
✔ old static DOM/autotest remains zero-button WS→receipt→Canvas flow (77.897708ms)
✔ capable deployment still does not initialize merely loading/autotesting (65.453791ms)
✔ actual Start/Stop wiring samples DOM keyboard, pauses on blur, and resumes without duplicate initialize (21.224666ms)
✔ native-zone capable autotest remains static; explicit Start serializes preparation and initialization (72.571917ms)
✔ native-zone prepared reload starts without preparing again (1.297625ms)
✔ nativeZone atomic app needs one startup transaction and retains static/held-frame transport (61.278625ms)
✔ old static app without gas config discovers node budget and preserves zero-input Frames (43.5875ms)
✔ UI profile starts original UI explicitly with selected view and keeps sequence/Frame ABI (1.877708ms)
✔ legacy deployment reads only its counter and keeps static zero-button ABI (0.697334ms)
✔ explicit start initializes once, preserves static counter, and reload/resume reuses initialized state (1.134083ms)
✔ single transaction lock rejects overlap during receipt wait (0.264667ms)
✔ connection side effects occur only after valid exclusive command reservation (0.180791ms)
✔ definite revert releases lock and does not consume input sequence (0.165958ms)
✔ send uncertainty halts all subsequent inputs (0.1635ms)
✔ receipt uncertainty halts all subsequent inputs (0.13875ms)
✔ mined invalid Frame consumes counter and invalidates display channel (0.139708ms)
✔ multiple Frame logs invalidate channel while WS/receipt duplicate is accepted once (0.161708ms)
✔ chain invalidation during pending transaction prevents receipt display (0.096666ms)
✔ initialization requires actual confirmed gameStarted and blocks concurrent start (0.144458ms)
✔ uint32 sequence exhaustion and invalid packet fail before transaction submission (0.129417ms)
✔ loop samples held keys once per accepted tic with no in-flight backlog (0.477958ms)
✔ stop during pending tic clears keys and prevents any successor transaction (0.184959ms)
✔ stop during initialization settles initialization but does not send a tic (0.118708ms)
✔ loop error stops and clears held input; successful resume needs explicit Start (0.138292ms)
✔ blur and visibility stop active loop while inactive keys retain browser behavior (0.25525ms)
✔ metadata must be canonical uint32/bool ABI words (0.151709ms)
✔ native-zone Start prepares then initializes under one lock without counters or Frames (0.209041ms)
✔ prepared but uninitialized reload skips preparation and preserves legacy ABI calls (0.126417ms)
✔ Stop during preparation settles it, defers initialization, and resume does not prepare twice (0.15025ms)
✔ prepare revert releases channel while prepare uncertainty prevents initialization (0.143125ms)
✔ initialization revert after preparation permits resume without duplicate preparation (0.117209ms)
✔ preparation must confirm a canonical flag, unchanged counter, and no Frame (0.244375ms)
✔ direct staged Start invalidated during pending preparation never submits initialization (0.10675ms)
✔ nativeZone atomic default uses one initialize and never queries or calls preparation ABI (0.114875ms)
✔ native translation preserves unshifted original key numbers and raw repeat/order (1.012833ms)
✔ ordered event batches retain backlog and encode exact bounded dynamic ABI (0.263292ms)
✔ raw startup is explicit; rendered/no-render packets share sequence and transaction lock (0.954541ms)
✔ stop during a pending raw tic settles it then flushes releases in one no-render tic (0.851542ms)
✔ raw failures retain packet and stop without automatic mutation retry (2.653ms)
✔ raw blur creates releases, preserves pending events and blocks inactive input (0.319791ms)
✔ all valid packets encode exact existing uint32,uint32 ABI (12.770833ms)
✔ reserved and malformed packets/sequences rejected (0.379ms)
✔ held keys, alias release, modifiers and original lowest-digit priority (0.195375ms)
✔ all logical keyboard bits map independently (0.075583ms)
✔ binding handles repeats, focus loss, visibility and disposal (0.248417ms)
ℹ tests 56
ℹ suites 0
ℹ pass 56
ℹ fail 0
ℹ cancelled 0
ℹ skipped 0
ℹ todo 0
ℹ duration_ms 835.981166
