✔ missing Chrome exits cleanly and removes its Anvil, server, and temporary profile (733.713833ms)
✔ palette validates RGB bytes, kind and identity independent of key order (7.132792ms)
✔ strict ABI decode and palette expansion only (1.957ms)
✔ duplicates, out-of-order delivery, gaps and removed logs (0.70425ms)
✔ palette is bound to frame/transaction/address/block with exact RGB8 ABI (4.495291ms)
✔ slow older palette receipt cannot overwrite newer Canvas presentation (0.674833ms)
✔ missing/duplicate/reverted receipt palettes fail and invalidated sessions do not paint (2.352625ms)
✔ legacy presentation retains synchronous raw palette and needs no receipt RPC (0.119792ms)
✔ browser uses exact configured decimal/hex budgets without a fixed ceiling (0.800541ms)
✔ old browser configs discover budget from node block metadata (0.095166ms)
✔ invalid configured/node budgets fail without silently substituting a fixed limit (2.710292ms)
✔ old static DOM/autotest remains zero-button WS→receipt→Canvas flow (77.547042ms)
✔ capable deployment still does not initialize merely loading/autotesting (64.97075ms)
✔ actual Start/Stop wiring samples DOM keyboard, pauses on blur, and resumes without duplicate initialize (23.138ms)
✔ native-zone capable autotest remains static; explicit Start serializes preparation and initialization (67.449584ms)
✔ native-zone prepared reload starts without preparing again (1.225041ms)
✔ nativeZone atomic app needs one startup transaction and retains static/held-frame transport (60.155459ms)
✔ old static app without gas config discovers node budget and preserves zero-input Frames (42.115334ms)
✔ UI profile starts original UI explicitly with selected view and keeps sequence/Frame ABI (2.308583ms)
✔ legacy deployment reads only its counter and keeps static zero-button ABI (0.464292ms)
✔ explicit start initializes once, preserves static counter, and reload/resume reuses initialized state (3.086917ms)
✔ single transaction lock rejects overlap during receipt wait (0.253583ms)
✔ connection side effects occur only after valid exclusive command reservation (0.168375ms)
✔ definite revert releases lock and does not consume input sequence (0.444417ms)
✔ send uncertainty halts all subsequent inputs (0.167792ms)
✔ receipt uncertainty halts all subsequent inputs (0.1115ms)
✔ mined invalid Frame consumes counter and invalidates display channel (0.11725ms)
✔ multiple Frame logs invalidate channel while WS/receipt duplicate is accepted once (0.16ms)
✔ chain invalidation during pending transaction prevents receipt display (0.103042ms)
✔ initialization requires actual confirmed gameStarted and blocks concurrent start (0.12125ms)
✔ uint32 sequence exhaustion and invalid packet fail before transaction submission (0.112209ms)
✔ loop samples held keys once per accepted tic with no in-flight backlog (0.731417ms)
✔ stop during pending tic clears keys and prevents any successor transaction (0.359709ms)
✔ stop during initialization settles initialization but does not send a tic (0.09825ms)
✔ loop error stops and clears held input; successful resume needs explicit Start (0.520291ms)
✔ blur and visibility stop active loop while inactive keys retain browser behavior (0.949375ms)
✔ metadata must be canonical uint32/bool ABI words (0.232666ms)
✔ native-zone Start prepares then initializes under one lock without counters or Frames (0.19075ms)
✔ prepared but uninitialized reload skips preparation and preserves legacy ABI calls (0.111833ms)
✔ Stop during preparation settles it, defers initialization, and resume does not prepare twice (0.142458ms)
✔ prepare revert releases channel while prepare uncertainty prevents initialization (0.195042ms)
✔ initialization revert after preparation permits resume without duplicate preparation (0.15675ms)
✔ preparation must confirm a canonical flag, unchanged counter, and no Frame (0.281375ms)
✔ direct staged Start invalidated during pending preparation never submits initialization (0.108917ms)
✔ nativeZone atomic default uses one initialize and never queries or calls preparation ABI (0.117875ms)
✔ all valid packets encode exact existing uint32,uint32 ABI (18.157042ms)
✔ reserved and malformed packets/sequences rejected (0.2535ms)
✔ held keys, alias release, modifiers and original lowest-digit priority (0.155084ms)
✔ all logical keyboard bits map independently (0.068875ms)
✔ binding handles repeats, focus loss, visibility and disposal (0.225541ms)
ℹ tests 50
ℹ suites 0
ℹ pass 50
ℹ fail 0
ℹ cancelled 0
ℹ skipped 0
ℹ todo 0
ℹ duration_ms 810.686459
