Compiling 103 files with Solc 0.8.37
Solc 0.8.37 finished in 149.96s
Compiler run successful with warnings:
Warning (6335): "at" will be promoted to keyword in the future and will not be allowed as an identifier anymore.
  --> src/doom/v_video.sol:77:41:
   |
77 |     function _short(bytes memory patch, uint256 at) private pure returns (int32) {
   |                                         ^^^^^^^^^^

Warning (6335): "at" will be promoted to keyword in the future and will not be allowed as an identifier anymore.
   --> src/doom/v_video.sol:102:13:
    |
102 |             uint256 at = 8 + uint32(flipped ? width - 1 - col : col) * 4;
    |             ^^^^^^^^^^

Warning (6335): "at" will be promoted to keyword in the future and will not be allowed as an identifier anymore.
  --> src/doom/hu_lib.sol:69:41:
   |
69 |     function patchShort(bytes memory p, uint256 at) internal pure returns (int32) {
   |                                         ^^^^^^^^^^

Warning (6335): "at" will be promoted to keyword in the future and will not be allowed as an identifier anymore.
  --> src/doom/f_finale.sol:77:9:
   |
77 |         uint256 at;
   |         ^^^^^^^^^^

Warning (6335): "at" will be promoted to keyword in the future and will not be allowed as an identifier anymore.
  --> src/doom/p_switch.sol:76:9:
   |
76 |         uint256 at;
   |         ^^^^^^^^^^

Warning (6335): "at" will be promoted to keyword in the future and will not be allowed as an identifier anymore.
   --> src/doom/p_spec.sol:216:9:
    |
216 |         uint256 at;
    |         ^^^^^^^^^^

Warning (6335): "at" will be promoted to keyword in the future and will not be allowed as an identifier anymore.
   --> src/doom/p_spec.sol:383:9:
    |
383 |         uint256 at;
    |         ^^^^^^^^^^

Warning (6335): "at" will be promoted to keyword in the future and will not be allowed as an identifier anymore.
   --> src/doom/p_maputl.sol:285:13:
    |
285 |             uint32 at = C.NULL;
    |             ^^^^^^^^^

Warning (6335): "at" will be promoted to keyword in the future and will not be allowed as an identifier anymore.
   --> src/doom/st_lib.sol:170:36:
    |
170 |     function SHORT(bytes memory p, uint256 at) internal pure returns (int32) {
    |                                    ^^^^^^^^^^

Warning (6335): "at" will be promoted to keyword in the future and will not be allowed as an identifier anymore.
   --> test/unit/v_video.t.sol:201:13:
    |
201 |             uint256 at = row * 260;
    |             ^^^^^^^^^^

Warning (2319): This declaration shadows a builtin symbol.
  --> src/doom/z_zone.sol:63:5:
   |
63 |     function block(ZoneState memory z, uint32 id) private pure returns (ZoneBlock memory b) {
   |     ^ (Relevant source part starts here and spans across multiple lines).

Warning (2319): This declaration shadows a builtin symbol.
   --> src/doom/hu_lib.sol:145:77:
    |
145 |     function HUlib_addMessageToSText(HuSText memory s, bytes memory prefix, bytes memory msg) internal pure {
    |                                                                             ^^^^^^^^^^^^^^^^

Warning (2319): This declaration shadows a builtin symbol.
   --> src/doom/p_maputl.sol:165:21:
    |
165 |                     uint32 block = uint32(by * c.state.blockmap.width + bx);
    |                     ^^^^^^^^^^^^

Warning (2319): This declaration shadows a builtin symbol.
   --> src/doom/p_enemy.sol:163:13:
    |
163 |             int32 tx = actor.x + info(c, id).speed * xspeed(actor.movedir);
    |             ^^^^^^^^

Warning (2519): This declaration shadows an existing declaration.
   --> src/doom/p_map.sol:407:17:
    |
407 |                 int32 frac = hit.frac - F.FixedDiv(4 * 65536, c.move.attackrange);
    |                 ^^^^^^^^^^
Note: The shadowed declaration is here:
   --> src/doom/p_map.sol:427:13:
    |
427 |             int32 frac = hit.frac - F.FixedDiv(10 * 65536, c.move.attackrange);
    |             ^^^^^^^^^^

Warning (2519): This declaration shadows an existing declaration.
   --> src/doom/p_map.sol:408:17:
    |
408 |                 int32 x = c.path.trace.x + F.FixedMul(c.path.trace.dx, frac);
    |                 ^^^^^^^
Note: The shadowed declaration is here:
   --> src/doom/p_map.sol:428:13:
    |
428 |             int32 x = c.path.trace.x + F.FixedMul(c.path.trace.dx, frac);
    |             ^^^^^^^

Warning (2519): This declaration shadows an existing declaration.
   --> src/doom/p_map.sol:409:17:
    |
409 |                 int32 y = c.path.trace.y + F.FixedMul(c.path.trace.dy, frac);
    |                 ^^^^^^^
Note: The shadowed declaration is here:
   --> src/doom/p_map.sol:429:13:
    |
429 |             int32 y = c.path.trace.y + F.FixedMul(c.path.trace.dy, frac);
    |             ^^^^^^^

Warning (2519): This declaration shadows an existing declaration.
   --> src/doom/p_map.sol:410:17:
    |
410 |                 int32 z = c.move.shootz + F.FixedMul(c.move.aimslope, F.FixedMul(frac, c.move.attackrange));
    |                 ^^^^^^^
Note: The shadowed declaration is here:
   --> src/doom/p_map.sol:430:13:
    |
430 |             int32 z = c.move.shootz + F.FixedMul(c.move.aimslope, F.FixedMul(frac, c.move.attackrange));
    |             ^^^^^^^

Warning (2319): This declaration shadows a builtin symbol.
   --> src/doom/r_things.sol:145:13:
    |
145 |             int32 tx = -(M_Fixed.FixedMul(tr_y, c.rs.viewcos) - M_Fixed.FixedMul(tr_x, c.rs.viewsin));
    |             ^^^^^^^^

Warning (2319): This declaration shadows a builtin symbol.
   --> src/doom/r_things.sol:323:13:
    |
323 |             int32 tx = p.sx - 160 * 65536 - c.resources.spriteoffset[l];
    |             ^^^^^^^^

Warning (2519): This declaration shadows an existing declaration.
   --> src/evm/InputProtocol.sol:136:49:
    |
136 |     function build(GameInputState memory state, uint32 held) internal pure returns (Ticcmd memory) {
    |                                                 ^^^^^^^^^^^
Note: The shadowed declaration is here:
   --> src/evm/InputProtocol.sol:108:5:
    |
108 |     function held(InputRuntimeState memory s, uint32 key) private pure returns (bool) {
    |     ^ (Relevant source part starts here and spans across multiple lines).

Warning (2018): Function state mutability can be restricted to pure
   --> src/doom/p_switch.sol:129:5:
    |
129 |     function P_UseSpecialLine(GameContext memory c, uint32 thing, uint32 line, int32 side)
    |     ^ (Relevant source part starts here and spans across multiple lines).

Warning (2018): Function state mutability can be restricted to pure
   --> src/doom/p_spec.sol:346:5:
    |
346 |     function P_SpawnSpecials(GameContext memory c) internal view {
    |     ^ (Relevant source part starts here and spans across multiple lines).

Warning (2018): Function state mutability can be restricted to pure
   --> src/doom/p_spec.sol:598:5:
    |
598 |     function P_ShootSpecialLine(GameContext memory c, uint32 thing, uint32 line) internal view {
    |     ^ (Relevant source part starts here and spans across multiple lines).

Warning (2018): Function state mutability can be restricted to pure
   --> src/doom/r_plane.sol:123:5:
    |
123 |     function R_MapPlane(RenderContext memory ctx, int32 y, int32 x1, int32 x2) internal view {
    |     ^ (Relevant source part starts here and spans across multiple lines).

Warning (2018): Function state mutability can be restricted to pure
   --> src/evm/DoomGame.sol:388:5:
    |
388 |     function bossFloor(GameContext memory c, int32 tag, FloorType kind) private view returns (bool) {
    |     ^ (Relevant source part starts here and spans across multiple lines).

Warning (2018): Function state mutability can be restricted to pure
   --> src/evm/EpisodeRuntime.sol:165:5:
    |
165 |     function automapStop(GameContext memory c, GameflowState memory f) private view {
    |     ^ (Relevant source part starts here and spans across multiple lines).


Ran 1 test for test/unit/m_random.t.sol:RandomTest
[PASS] testOriginalIndependentStreamsWrapAndClear() (gas: 5357784)
Suite result: ok. 1 passed; 0 failed; 0 skipped; finished in 13.75ms (13.41ms CPU time)

Ran 15 tests for test/unit/v_video.t.sol:VVideoTest
[PASS] testFuzzMalformedPatchRejectsWithoutPanic(bytes,int32,int32,int32,bool) (runs: 256, μ: 212353, ~: 202896)
[PASS] testInitFourScreensAndLeavesCallerScreen4AndDirtybox() (gas: 189943)
[PASS] testMalformedHeadersOffsetsPostsAndPhysicalBounds() (gas: 2048219)
[PASS] testNativeCases00to07() (gas: 8478348)
[PASS] testNativeCases08to15() (gas: 7819581)
[PASS] testNativeCases16to23() (gas: 17518110)
[PASS] testNativeCases24to31() (gas: 59463327)
[PASS] testNativeCases32to39() (gas: 8489711)
[PASS] testNativeCases40to47() (gas: 12173322)
[PASS] testNativeCases48to57() (gas: 9745885)
[PASS] testNormalOutOfBoundsIgnoredBeforeDirtyMark() (gas: 181626)
[PASS] testOffsetsTransparencyFlippedAndDirect() (gas: 342416)
[PASS] testRectBoundsShortBuffersAndUndefinedOverlap() (gas: 999103)
[PASS] testRectScreen4StatusBarCopyAndGet() (gas: 198461)
[PASS] testVerticalCopyRetainsOriginalRowOrder() (gas: 180129)
Suite result: ok. 15 passed; 0 failed; 0 skipped; finished in 368.16ms (361.84ms CPU time)

Ran 3 tests for test/unit/GameflowTransactions.t.sol:GameflowTransactionsTest
[PASS] testInvalidStartupStateActionsAndSetupRollback() (gas: 1307351503)
[PASS] testSecretRouteAndFinaleAcrossCommittedCalls() (gas: 533918864)
[PASS] testStoragePauseResumeAndDeferredNightmareAcrossCalls() (gas: 684384970)
Suite result: ok. 3 passed; 0 failed; 0 skipped; finished in 849.77ms (848.64ms CPU time)

Ran 14 tests for test/unit/g_game.t.sol:GGameTest
[PASS] testDirectBuilderRejectsInvalidWeaponRequest() (gas: 2308)
[PASS] testOriginalCIgnoredWeapon9AllKeyboardMasksAndTurnStates() (gas: 91832255)
[PASS] testOriginalCNoWeaponAllKeyboardMasksAndTurnStates() (gas: 91717223)
[PASS] testOriginalCSequentialTurnAccelerationReleaseAndWeapons() (gas: 11178865)
[PASS] testOriginalCWeapon1AllKeyboardMasksAndTurnStates() (gas: 92356301)
[PASS] testOriginalCWeapon2AllKeyboardMasksAndTurnStates() (gas: 92356389)
[PASS] testOriginalCWeapon3AllKeyboardMasksAndTurnStates() (gas: 92356477)
[PASS] testOriginalCWeapon4AllKeyboardMasksAndTurnStates() (gas: 92356235)
[PASS] testOriginalCWeapon5AllKeyboardMasksAndTurnStates() (gas: 92356521)
[PASS] testOriginalCWeapon6AllKeyboardMasksAndTurnStates() (gas: 92356257)
[PASS] testOriginalCWeapon7AllKeyboardMasksAndTurnStates() (gas: 92356411)
[PASS] testOriginalCWeapon8AllKeyboardMasksAndTurnStates() (gas: 92356345)
[PASS] testRejectsInvalidTurnStateAndOriginalUndefinedCounterOverflow() (gas: 21427)
[PASS] testRejectsReservedPacketBitsAndUndefinedWeaponRequests() (gas: 103106)
Suite result: ok. 14 passed; 0 failed; 0 skipped; finished in 1.02s (1.02s CPU time)

Ran 7 tests for test/integration/InputRuntime.t.sol:InputRuntimeAdapterTest
[PASS] testAMOwnsIDDTAndConsumesPanButNotReleases() (gas: 120040351)
[PASS] testArsenalPowersMessagesAndDeferredWarpPersist() (gas: 76595578)
[PASS] testLiveProjectionKeepsLinedefFlagsHeightsAndSectorThingOrder() (gas: 12352964)
[PASS] testMalformedStopNotificationCompletesRawWarpParameters() (gas: 45834793)
[PASS] testNativeKeySetPreservesAliasesAndLowestDigitPriority() (gas: 12732412)
[PASS] testPersistentSplitCheatHUConsumptionAndSpyOrder() (gas: 45183917)
[PASS] testRollbackIncludesParserActorRequestAndUIState() (gas: 61088423)
Suite result: ok. 7 passed; 0 failed; 0 skipped; finished in 1.08s (1.08s CPU time)

Ran 10 tests for test/unit/Gameflow.t.sol:GameflowTest
[PASS] testCompletionStatsAreCopiedNotAliased() (gas: 1053050)
[PASS] testIncomingCommandIsCopiedBeforeWorldTickerClearsSpecial() (gas: 1044914)
[PASS] testOriginalCCompletionAllEpisodeOneMaps() (gas: 821187071)
[PASS] testOriginalCDeathUseAndFollowingTicReload() (gas: 9955037)
[PASS] testOriginalCLoadLevelAndReborn() (gas: 56815914)
[PASS] testOriginalCNewGameAndDeferredInitialization() (gas: 1608910887)
[PASS] testOriginalCNightmareFastAndInitPlayer() (gas: 15436223)
[PASS] testOriginalCPauseMenuAndStateDispatch() (gas: 4999790598)
[PASS] testOriginalCWorldDoneAndInventoryCarryover() (gas: 175296101)
[PASS] testPauseProducerIsOneShotReplacesButtonsKeepsMovement() (gas: 1011300)
Suite result: ok. 10 passed; 0 failed; 0 skipped; finished in 2.22s (836.18ms CPU time)

Ran 3 tests for test/unit/g_game_lifecycle.t.sol:GGameLifecycleTest
[PASS] testNative_G_ExitLevel() (gas: 610173828)
[PASS] testNative_G_PlayerReborn() (gas: 610571452)
[PASS] testNative_G_SecretExitLevel() (gas: 623586364)
Suite result: ok. 3 passed; 0 failed; 0 skipped; finished in 3.10s (3.10s CPU time)

Ran 14 tests for test/integration/ProductionUI.t.sol:ProductionUIAdapterTest
[PASS] testConsumerPersistentAttackFaceAndRelease() (gas: 1309319537)
[PASS] testConsumerPersistentDamageDirectionsAndPain() (gas: 717267255)
[PASS] testConsumerPersistentInventoryAndOriginalStaleKeys() (gas: 529447307)
[PASS] testNativeAllPaletteThresholdsAndGamma() (gas: 126807288)
[PASS] testNativeAttackerDirectionsAndOriginalOuchBug() (gas: 68225513)
[PASS] testNativeEveryFaceAssetPixels() (gas: 116610466)
[PASS] testNativeFacePixelsAcrossPainTiers() (gas: 131162556)
[PASS] testNativeFacePrioritiesTrace() (gas: 73226813)
[PASS] testNativeFirstDamageReceiptState() (gas: 62707518)
[PASS] testNativeFullscreenAutomapAndRefresh() (gas: 80628901)
[PASS] testNativeIdlePainAndRestartTrace() (gas: 103945856)
[PASS] testNativeInventoryAndNumericPixels() (gas: 110748797)
[PASS] testNativeNumericEdgesAndSentinels() (gas: 93726058)
[PASS] testNativeSustainedFireAndReleaseTrace() (gas: 80038682)
Suite result: ok. 14 passed; 0 failed; 0 skipped; finished in 3.75s (5.25s CPU time)

Ran 12 tests for test/intermission/Intermission.t.sol:IntermissionTest
[PASS] testFrameEventContainsComputedNativePixelsAndSourceAlias() (gas: 139633631)
[PASS] testMalformedBackgroundResourceRejectsBeforePublishingState() (gas: 41545232)
[PASS] testMalformedSourceAndUnauthorizedCallsRollBack() (gas: 149966537)
[PASS] testNativeEveryEnteringTitleAndNode() (gas: 535508443)
[PASS] testNativeEveryFinishedTitle() (gas: 390857531)
[PASS] testNativeInputSecretRepeatAndCounterQuirks() (gas: 577750974)
[PASS] testNativeNaturalCountingEveryTicAndTimeout() (gas: 193917953)
[PASS] testNativeNumericFormattingAndCandidateFallbacks() (gas: 324864941)
[PASS] testNativeStateAcrossSeparateStorageCallsAndRollback() (gas: 564205294)
[PASS] testNativeZeroTotalsAllSupportedModes() (gas: 354606814)
[PASS] testStartNormalizesCanonicalSnapshotWithoutResettingPointerOrLatches() (gas: 18279)
[PASS] testUnsupportedAndUndefinedDomainsAreExplicit() (gas: 339935)
Suite result: ok. 12 passed; 0 failed; 0 skipped; finished in 5.23s (6.04s CPU time)

Ran 11 tests for test/unit/st_stuff.t.sol:STStuffTest
[PASS] testNativeAllPaletteThresholdsAndGamma() (gas: 127632622)
[PASS] testNativeAttackerDirectionsAndOriginalOuchBug() (gas: 68920498)
[PASS] testNativeEveryFaceAssetPixels() (gas: 117257091)
[PASS] testNativeFacePixelsAcrossPainTiers() (gas: 132058921)
[PASS] testNativeFacePrioritiesTrace() (gas: 73957506)
[PASS] testNativeFirstDamageReceiptState() (gas: 63311895)
[PASS] testNativeFullscreenAutomapAndRefresh() (gas: 81244816)
[PASS] testNativeIdlePainAndRestartTrace() (gas: 104894493)
[PASS] testNativeInventoryAndNumericPixels() (gas: 111379816)
[PASS] testNativeNumericEdgesAndSentinels() (gas: 94349995)
[PASS] testNativeSustainedFireAndReleaseTrace() (gas: 80821673)
Suite result: ok. 11 passed; 0 failed; 0 skipped; finished in 5.65s (2.69s CPU time)

Ran 3 tests for test/integration/Finale.t.sol:FinaleTest
[PASS] testNativeRegisteredFinale() (gas: 392776327)
[PASS] testNativeRetailFinale() (gas: 392777300)
[PASS] testNativeSharewareFinale() (gas: 392776877)
Suite result: ok. 3 passed; 0 failed; 0 skipped; finished in 7.05s (2.71s CPU time)

Ran 16 tests for test/unit/p_mobj.t.sol:PMobjLifecycleTest
[PASS] testNative_P_CheckMissileSpawn() (gas: 610423373)
[PASS] testNative_P_ExplodeMissile() (gas: 610406930)
[PASS] testNative_P_MobjThinker() (gas: 624363263)
[PASS] testNative_P_NightmareRespawn() (gas: 614471420)
[PASS] testNative_P_RemoveMobj() (gas: 677232949)
[PASS] testNative_P_RespawnSpecials() (gas: 623806401)
[PASS] testNative_P_SetMobjState() (gas: 611009357)
[PASS] testNative_P_SpawnBlood() (gas: 611548227)
[PASS] testNative_P_SpawnMapThing() (gas: 610871920)
[PASS] testNative_P_SpawnMissile() (gas: 612097977)
[PASS] testNative_P_SpawnMobj() (gas: 611516737)
[PASS] testNative_P_SpawnPlayer() (gas: 611871964)
[PASS] testNative_P_SpawnPlayerMissile() (gas: 625703861)
[PASS] testNative_P_SpawnPuff() (gas: 611528381)
[PASS] testNative_P_XYMovement() (gas: 624181256)
[PASS] testNative_P_ZMovement() (gas: 637037517)
Suite result: ok. 16 passed; 0 failed; 0 skipped; finished in 7.04s (16.22s CPU time)

Ran 16 tests for test/integration/EpisodeStartup.t.sol:EpisodeStartupTest
[PASS] testIdentityDirectoryAndRuntimeOrderAreAuthenticated() (gas: 174706726)
[PASS] testLevelTagsFreeOnlyLevelOwnedAllocations() (gas: 3381653287)
[PASS] testNativeE1M1Compatibility() (gas: 1962929326)
[PASS] testNativeE1M2Baby() (gas: 2621858290)
[PASS] testNativeE1M2Nightmare() (gas: 2748336586)
[PASS] testNativeE1M2NoMonsters() (gas: 2606414761)
[PASS] testNativeE1M2Startup() (gas: 2735872714)
[PASS] testNativeE1M3Startup() (gas: 2563900686)
[PASS] testNativeE1M4Startup() (gas: 2640839969)
[PASS] testNativeE1M5Startup() (gas: 1993469751)
[PASS] testNativeE1M6Startup() (gas: 3083799630)
[PASS] testNativeE1M7Startup() (gas: 4871540427)
[PASS] testNativeE1M8Startup() (gas: 1707767405)
[PASS] testNativeE1M9Startup() (gas: 2496291883)
[PASS] testSelectionDomainRejectsOutsideEpisodeOne() (gas: 39534576)
[PASS] testStrictPolicyChangesNoLogicalSetupOrAllocation() (gas: 2735872934)
Suite result: ok. 16 passed; 0 failed; 0 skipped; finished in 7.05s (22.98s CPU time)

Ran 13 test suites in 7.05s (44.41s CPU time): 125 tests passed, 0 failed, 0 skipped (125 total tests)
