Compiling 110 files with Solc 0.8.37
Solc 0.8.37 finished in 238.79s
Compiler run successful with warnings:
Warning (6335): "at" will be promoted to keyword in the future and will not be allowed as an identifier anymore.
  --> src/doom/v_video.sol:77:41:
   |
77 |     function _short(bytes memory patch, uint256 at) private pure returns (int32) {
   |                                         ^^^^^^^^^^

Warning (6335): "at" will be promoted to keyword in the future and will not be allowed as an identifier anymore.
   --> src/doom/v_video.sol:102:13:
    |
102 |             uint256 at = 8 + uint32(flipped ? width - 1 - col : col) * 4;
    |             ^^^^^^^^^^

Warning (6335): "at" will be promoted to keyword in the future and will not be allowed as an identifier anymore.
  --> src/doom/hu_lib.sol:69:41:
   |
69 |     function patchShort(bytes memory p, uint256 at) internal pure returns (int32) {
   |                                         ^^^^^^^^^^

Warning (6335): "at" will be promoted to keyword in the future and will not be allowed as an identifier anymore.
  --> src/doom/f_finale.sol:77:9:
   |
77 |         uint256 at;
   |         ^^^^^^^^^^

Warning (6335): "at" will be promoted to keyword in the future and will not be allowed as an identifier anymore.
  --> src/doom/p_switch.sol:76:9:
   |
76 |         uint256 at;
   |         ^^^^^^^^^^

Warning (6335): "at" will be promoted to keyword in the future and will not be allowed as an identifier anymore.
   --> src/doom/p_spec.sol:216:9:
    |
216 |         uint256 at;
    |         ^^^^^^^^^^

Warning (6335): "at" will be promoted to keyword in the future and will not be allowed as an identifier anymore.
   --> src/doom/p_spec.sol:383:9:
    |
383 |         uint256 at;
    |         ^^^^^^^^^^

Warning (6335): "at" will be promoted to keyword in the future and will not be allowed as an identifier anymore.
   --> src/doom/p_maputl.sol:285:13:
    |
285 |             uint32 at = C.NULL;
    |             ^^^^^^^^^

Warning (6335): "at" will be promoted to keyword in the future and will not be allowed as an identifier anymore.
   --> src/doom/st_lib.sol:170:36:
    |
170 |     function SHORT(bytes memory p, uint256 at) internal pure returns (int32) {
    |                                    ^^^^^^^^^^

Warning (6335): "at" will be promoted to keyword in the future and will not be allowed as an identifier anymore.
   --> test/unit/v_video.t.sol:201:13:
    |
201 |             uint256 at = row * 260;
    |             ^^^^^^^^^^

Warning (6335): "at" will be promoted to keyword in the future and will not be allowed as an identifier anymore.
  --> test/unit/z_zone.t.sol:21:38:
   |
21 |     function word(bytes memory data, uint256 at) private pure returns (uint32) {
   |                                      ^^^^^^^^^^

Warning (6335): "at" will be promoted to keyword in the future and will not be allowed as an identifier anymore.
  --> test/unit/z_zone.t.sol:27:9:
   |
27 |         uint256 at = out.cursor;
   |         ^^^^^^^^^^

Warning (6335): "at" will be promoted to keyword in the future and will not be allowed as an identifier anymore.
  --> test/unit/z_zone.t.sol:87:9:
   |
87 |         uint256 at = 4;
   |         ^^^^^^^^^^

Warning (6335): "at" will be promoted to keyword in the future and will not be allowed as an identifier anymore.
  --> test/unit/z_zone_backing.t.sol:23:38:
   |
23 |     function word(bytes memory data, uint256 at) private pure returns (uint32) {
   |                                      ^^^^^^^^^^

Warning (6335): "at" will be promoted to keyword in the future and will not be allowed as an identifier anymore.
  --> test/unit/z_zone_backing.t.sol:78:13:
   |
78 |             uint256 at = 4 + uint256(row) * 276;
   |             ^^^^^^^^^^

Warning (2319): This declaration shadows a builtin symbol.
  --> src/doom/z_zone.sol:63:5:
   |
63 |     function block(ZoneState memory z, uint32 id) private pure returns (ZoneBlock memory b) {
   |     ^ (Relevant source part starts here and spans across multiple lines).

Warning (2319): This declaration shadows a builtin symbol.
   --> src/doom/hu_lib.sol:145:77:
    |
145 |     function HUlib_addMessageToSText(HuSText memory s, bytes memory prefix, bytes memory msg) internal pure {
    |                                                                             ^^^^^^^^^^^^^^^^

Warning (2319): This declaration shadows a builtin symbol.
   --> src/doom/p_maputl.sol:165:21:
    |
165 |                     uint32 block = uint32(by * c.state.blockmap.width + bx);
    |                     ^^^^^^^^^^^^

Warning (2319): This declaration shadows a builtin symbol.
   --> src/doom/p_enemy.sol:163:13:
    |
163 |             int32 tx = actor.x + info(c, id).speed * xspeed(actor.movedir);
    |             ^^^^^^^^

Warning (2519): This declaration shadows an existing declaration.
   --> src/doom/p_map.sol:407:17:
    |
407 |                 int32 frac = hit.frac - F.FixedDiv(4 * 65536, c.move.attackrange);
    |                 ^^^^^^^^^^
Note: The shadowed declaration is here:
   --> src/doom/p_map.sol:427:13:
    |
427 |             int32 frac = hit.frac - F.FixedDiv(10 * 65536, c.move.attackrange);
    |             ^^^^^^^^^^

Warning (2519): This declaration shadows an existing declaration.
   --> src/doom/p_map.sol:408:17:
    |
408 |                 int32 x = c.path.trace.x + F.FixedMul(c.path.trace.dx, frac);
    |                 ^^^^^^^
Note: The shadowed declaration is here:
   --> src/doom/p_map.sol:428:13:
    |
428 |             int32 x = c.path.trace.x + F.FixedMul(c.path.trace.dx, frac);
    |             ^^^^^^^

Warning (2519): This declaration shadows an existing declaration.
   --> src/doom/p_map.sol:409:17:
    |
409 |                 int32 y = c.path.trace.y + F.FixedMul(c.path.trace.dy, frac);
    |                 ^^^^^^^
Note: The shadowed declaration is here:
   --> src/doom/p_map.sol:429:13:
    |
429 |             int32 y = c.path.trace.y + F.FixedMul(c.path.trace.dy, frac);
    |             ^^^^^^^

Warning (2519): This declaration shadows an existing declaration.
   --> src/doom/p_map.sol:410:17:
    |
410 |                 int32 z = c.move.shootz + F.FixedMul(c.move.aimslope, F.FixedMul(frac, c.move.attackrange));
    |                 ^^^^^^^
Note: The shadowed declaration is here:
   --> src/doom/p_map.sol:430:13:
    |
430 |             int32 z = c.move.shootz + F.FixedMul(c.move.aimslope, F.FixedMul(frac, c.move.attackrange));
    |             ^^^^^^^

Warning (2319): This declaration shadows a builtin symbol.
   --> src/doom/r_things.sol:145:13:
    |
145 |             int32 tx = -(M_Fixed.FixedMul(tr_y, c.rs.viewcos) - M_Fixed.FixedMul(tr_x, c.rs.viewsin));
    |             ^^^^^^^^

Warning (2319): This declaration shadows a builtin symbol.
   --> src/doom/r_things.sol:323:13:
    |
323 |             int32 tx = p.sx - 160 * 65536 - c.resources.spriteoffset[l];
    |             ^^^^^^^^

Warning (2519): This declaration shadows an existing declaration.
   --> src/evm/InputProtocol.sol:136:49:
    |
136 |     function build(GameInputState memory state, uint32 held) internal pure returns (Ticcmd memory) {
    |                                                 ^^^^^^^^^^^
Note: The shadowed declaration is here:
   --> src/evm/InputProtocol.sol:108:5:
    |
108 |     function held(InputRuntimeState memory s, uint32 key) private pure returns (bool) {
    |     ^ (Relevant source part starts here and spans across multiple lines).

Warning (2018): Function state mutability can be restricted to pure
   --> src/doom/p_switch.sol:129:5:
    |
129 |     function P_UseSpecialLine(GameContext memory c, uint32 thing, uint32 line, int32 side)
    |     ^ (Relevant source part starts here and spans across multiple lines).

Warning (2018): Function state mutability can be restricted to pure
   --> src/doom/p_spec.sol:346:5:
    |
346 |     function P_SpawnSpecials(GameContext memory c) internal view {
    |     ^ (Relevant source part starts here and spans across multiple lines).

Warning (2018): Function state mutability can be restricted to pure
   --> src/doom/p_spec.sol:598:5:
    |
598 |     function P_ShootSpecialLine(GameContext memory c, uint32 thing, uint32 line) internal view {
    |     ^ (Relevant source part starts here and spans across multiple lines).

Warning (2018): Function state mutability can be restricted to pure
   --> src/doom/r_plane.sol:123:5:
    |
123 |     function R_MapPlane(RenderContext memory ctx, int32 y, int32 x1, int32 x2) internal view {
    |     ^ (Relevant source part starts here and spans across multiple lines).

Warning (2018): Function state mutability can be restricted to pure
   --> src/evm/DoomGame.sol:388:5:
    |
388 |     function bossFloor(GameContext memory c, int32 tag, FloorType kind) private view returns (bool) {
    |     ^ (Relevant source part starts here and spans across multiple lines).

Warning (2018): Function state mutability can be restricted to pure
   --> src/evm/EpisodeRuntime.sol:165:5:
    |
165 |     function automapStop(GameContext memory c, GameflowState memory f) private view {
    |     ^ (Relevant source part starts here and spans across multiple lines).

Warning (2018): Function state mutability can be restricted to view
  --> test/integration/EpisodeLifecycle.t.sol:64:5:
   |
64 |     function testOriginalDamageDeathUseAndFollowingTicReload() public {
   |     ^ (Relevant source part starts here and spans across multiple lines).

Warning (2018): Function state mutability can be restricted to view
  --> test/integration/EpisodeLifecycle.t.sol:92:5:
   |
92 |     function testNightmareDefinitionHistoryAcrossReloadedContext() public {
   |     ^ (Relevant source part starts here and spans across multiple lines).

Warning (2018): Function state mutability can be restricted to pure
   --> test/unit/z_zone_backing.t.sol:187:5:
    |
187 |     function rejected(uint32 which) external {
    |     ^ (Relevant source part starts here and spans across multiple lines).

Warning (2018): Function state mutability can be restricted to view
   --> test/unit/z_zone_initialization.t.sol:106:5:
    |
106 |     function testMatrixFreshAndReusedLengthsKeepSourceBytesAndPointerRejection() public {
    |     ^ (Relevant source part starts here and spans across multiple lines).


Ran 1 test for test/unit/PointerHighBytes.t.sol:PointerHighBytesTest
[PASS] testExplicitAddressDomainEstablishesOnlyCurrentPointerHighBytes() (gas: 206220)
Suite result: ok. 1 passed; 0 failed; 0 skipped; finished in 1.44ms (1.21ms CPU time)

Ran 1 test for test/unit/m_random.t.sol:RandomTest
[PASS] testOriginalIndependentStreamsWrapAndClear() (gas: 5357786)
Suite result: ok. 1 passed; 0 failed; 0 skipped; finished in 14.96ms (14.86ms CPU time)

Ran 10 tests for test/unit/Gameflow.t.sol:GameflowTest
[PASS] testCompletionStatsAreCopiedNotAliased() (gas: 1053205)
[PASS] testIncomingCommandIsCopiedBeforeWorldTickerClearsSpecial() (gas: 1045068)
[PASS] testOriginalCCompletionAllEpisodeOneMaps() (gas: 821375248)
[PASS] testOriginalCDeathUseAndFollowingTicReload() (gas: 9956024)
[PASS] testOriginalCLoadLevelAndReborn() (gas: 56825813)
[PASS] testOriginalCNewGameAndDeferredInitialization() (gas: 1609287501)
[PASS] testOriginalCNightmareFastAndInitPlayer() (gas: 15438084)
[PASS] testOriginalCPauseMenuAndStateDispatch() (gas: 5001004216)
[PASS] testOriginalCWorldDoneAndInventoryCarryover() (gas: 175331786)
[PASS] testPauseProducerIsOneShotReplacesButtonsKeepsMovement() (gas: 1011455)
Suite result: ok. 10 passed; 0 failed; 0 skipped; finished in 848.39ms (845.48ms CPU time)

Ran 7 tests for test/integration/InputRuntime.t.sol:InputRuntimeAdapterTest
[PASS] testAMOwnsIDDTAndConsumesPanButNotReleases() (gas: 120042834)
[PASS] testArsenalPowersMessagesAndDeferredWarpPersist() (gas: 76597153)
[PASS] testLiveProjectionKeepsLinedefFlagsHeightsAndSectorThingOrder() (gas: 12353125)
[PASS] testMalformedStopNotificationCompletesRawWarpParameters() (gas: 45835665)
[PASS] testNativeKeySetPreservesAliasesAndLowestDigitPriority() (gas: 12732586)
[PASS] testPersistentSplitCheatHUConsumptionAndSpyOrder() (gas: 45184778)
[PASS] testRollbackIncludesParserActorRequestAndUIState() (gas: 61089643)
Suite result: ok. 7 passed; 0 failed; 0 skipped; finished in 911.78ms (910.93ms CPU time)

Ran 3 tests for test/unit/GameflowTransactions.t.sol:GameflowTransactionsTest
[PASS] testInvalidStartupStateActionsAndSetupRollback() (gas: 1307463394)
[PASS] testSecretRouteAndFinaleAcrossCommittedCalls() (gas: 533971962)
[PASS] testStoragePauseResumeAndDeferredNightmareAcrossCalls() (gas: 684451275)
Suite result: ok. 3 passed; 0 failed; 0 skipped; finished in 937.00ms (936.34ms CPU time)

Ran 14 tests for test/unit/g_game.t.sol:GGameTest
[PASS] testDirectBuilderRejectsInvalidWeaponRequest() (gas: 2308)
[PASS] testOriginalCIgnoredWeapon9AllKeyboardMasksAndTurnStates() (gas: 91832255)
[PASS] testOriginalCNoWeaponAllKeyboardMasksAndTurnStates() (gas: 91717223)
[PASS] testOriginalCSequentialTurnAccelerationReleaseAndWeapons() (gas: 11178865)
[PASS] testOriginalCWeapon1AllKeyboardMasksAndTurnStates() (gas: 92356301)
[PASS] testOriginalCWeapon2AllKeyboardMasksAndTurnStates() (gas: 92356389)
[PASS] testOriginalCWeapon3AllKeyboardMasksAndTurnStates() (gas: 92356477)
[PASS] testOriginalCWeapon4AllKeyboardMasksAndTurnStates() (gas: 92356235)
[PASS] testOriginalCWeapon5AllKeyboardMasksAndTurnStates() (gas: 92356521)
[PASS] testOriginalCWeapon6AllKeyboardMasksAndTurnStates() (gas: 92356257)
[PASS] testOriginalCWeapon7AllKeyboardMasksAndTurnStates() (gas: 92356411)
[PASS] testOriginalCWeapon8AllKeyboardMasksAndTurnStates() (gas: 92356345)
[PASS] testRejectsInvalidTurnStateAndOriginalUndefinedCounterOverflow() (gas: 21427)
[PASS] testRejectsReservedPacketBitsAndUndefinedWeaponRequests() (gas: 103106)
Suite result: ok. 14 passed; 0 failed; 0 skipped; finished in 1.17s (1.17s CPU time)

Ran 15 tests for test/unit/v_video.t.sol:VVideoTest
[PASS] testFuzzMalformedPatchRejectsWithoutPanic(bytes,int32,int32,int32,bool) (runs: 256, μ: 204023, ~: 202885)
[PASS] testInitFourScreensAndLeavesCallerScreen4AndDirtybox() (gas: 189943)
[PASS] testMalformedHeadersOffsetsPostsAndPhysicalBounds() (gas: 2048219)
[PASS] testNativeCases00to07() (gas: 8478348)
[PASS] testNativeCases08to15() (gas: 7819581)
[PASS] testNativeCases16to23() (gas: 17518110)
[PASS] testNativeCases24to31() (gas: 59463327)
[PASS] testNativeCases32to39() (gas: 8489711)
[PASS] testNativeCases40to47() (gas: 12173322)
[PASS] testNativeCases48to57() (gas: 9745885)
[PASS] testNormalOutOfBoundsIgnoredBeforeDirtyMark() (gas: 181626)
[PASS] testOffsetsTransparencyFlippedAndDirect() (gas: 342416)
[PASS] testRectBoundsShortBuffersAndUndefinedOverlap() (gas: 999103)
[PASS] testRectScreen4StatusBarCopyAndGet() (gas: 198461)
[PASS] testVerticalCopyRetainsOriginalRowOrder() (gas: 180129)
Suite result: ok. 15 passed; 0 failed; 0 skipped; finished in 395.66ms (395.48ms CPU time)

Ran 2 tests for test/unit/z_zone.t.sol:ZoneTest
[PASS] testAllOriginalZoneSequences() (gas: 496479601)
[PASS] testOriginalFatalDomains() (gas: 82425)
Suite result: ok. 2 passed; 0 failed; 0 skipped; finished in 692.27ms (692.17ms CPU time)

Ran 6 tests for test/unit/z_zone_backing.t.sol:ZoneBackingTest
[PASS] testBindingClearsStaleTailAndFastPathAllocatesNothing() (gas: 309804)
[PASS] testCacheHitChangesTagAndOwnerReallocation() (gas: 279781)
[PASS] testCompositeReconstructionKeepsNativeCacheAndPurgeRegenerates() (gas: 205126)
[PASS] testEveryOriginalPhysicalTailAndKnownHeaderPixel() (gas: 53689960)
[PASS] testUnknownAndInvalidKnownMasksRemainRejected() (gas: 584011)
[PASS] testUnknownPhysicalPaddingPointersSlackAndFragmentsReject() (gas: 2635493)
Suite result: ok. 6 passed; 0 failed; 0 skipped; finished in 105.84ms (105.67ms CPU time)

Ran 6 tests for test/unit/z_zone_initialization.t.sol:ZoneInitializationTest
[PASS] testFreeAndClearNeverReseedWrittenHistory() (gas: 528441)
[PASS] testMatrixFreshAndReusedLengthsKeepSourceBytesAndPointerRejection() (gas: 1256321)
[PASS] testReportedBLUDA0FirstPostMatchesExplicitNativeZeroInitializedProfile() (gas: 469734)
[PASS] testReportedBLUDA0StillRejectsInStrictDiagnosticMode() (gas: 444503)
[PASS] testReusedPayloadNeverSilentlyBecomesInitializedPadding() (gas: 464973)
[PASS] testThreeProvenanceClassesAndInvalidDomain() (gas: 6511714)
Suite result: ok. 6 passed; 0 failed; 0 skipped; finished in 22.27ms (22.06ms CPU time)

Ran 1 test for test/integration/GameflowE1M1.t.sol:GameflowE1M1Test
[PASS] testRealE1M1NativeStartupFirstTicPauseDeathRestartAndCompletion() (gas: 1248325784)
Suite result: ok. 1 passed; 0 failed; 0 skipped; finished in 2.18s (1.68s CPU time)

Ran 3 tests for test/integration/Finale.t.sol:FinaleTest
[PASS] testNativeRegisteredFinale() (gas: 392777204)
[PASS] testNativeRetailFinale() (gas: 392778177)
[PASS] testNativeSharewareFinale() (gas: 392777754)
Suite result: ok. 3 passed; 0 failed; 0 skipped; finished in 2.81s (2.81s CPU time)

Ran 11 tests for test/unit/st_stuff.t.sol:STStuffTest
[PASS] testNativeAllPaletteThresholdsAndGamma() (gas: 127632814)
[PASS] testNativeAttackerDirectionsAndOriginalOuchBug() (gas: 68920626)
[PASS] testNativeEveryFaceAssetPixels() (gas: 117257191)
[PASS] testNativeFacePixelsAcrossPainTiers() (gas: 132059123)
[PASS] testNativeFacePrioritiesTrace() (gas: 73957651)
[PASS] testNativeFirstDamageReceiptState() (gas: 63311977)
[PASS] testNativeFullscreenAutomapAndRefresh() (gas: 81244903)
[PASS] testNativeIdlePainAndRestartTrace() (gas: 104894741)
[PASS] testNativeInventoryAndNumericPixels() (gas: 111379910)
[PASS] testNativeNumericEdgesAndSentinels() (gas: 94350086)
[PASS] testNativeSustainedFireAndReleaseTrace() (gas: 80821842)
Suite result: ok. 11 passed; 0 failed; 0 skipped; finished in 2.87s (2.87s CPU time)

Ran 11 tests for test/unit/r_draw.t.sol:RDrawTest
[PASS] testBoundsRejections() (gas: 4836139)
[PASS] testMeasuredPrimitives() (gas: 5018009)
Logs:
  operation: 0
  draw gas (excluding fixture setup and SHA): 126797
  allocator before: 92704
  allocator after: 92704
  operation: 1
  draw gas (excluding fixture setup and SHA): 167091
  allocator before: 92704
  allocator after: 92704
  operation: 2
  draw gas (excluding fixture setup and SHA): 144479
  allocator before: 92704
  allocator after: 92704
  operation: 3
  draw gas (excluding fixture setup and SHA): 169646
  allocator before: 94528
  allocator after: 94624
  operation: 4
  draw gas (excluding fixture setup and SHA): 176161
  allocator before: 92704
  allocator after: 92704
  operation: 5
  draw gas (excluding fixture setup and SHA): 112524
  allocator before: 92704
  allocator after: 92704

[PASS] testOriginalBufferLookups() (gas: 5695739)
[PASS] testOriginalColumnPixels() (gas: 29905145)
[PASS] testOriginalFuzzPixelsAndState() (gas: 47033019)
[PASS] testOriginalLowColumnPixelsAndMutation() (gas: 27950747)
[PASS] testOriginalLowSpanCountQuirkAndMutation() (gas: 36733320)
[PASS] testOriginalSpanPixels() (gas: 36549166)
[PASS] testOriginalTranslatedInteriorPointers() (gas: 6507630)
[PASS] testOriginalTranslationTables() (gas: 1800576)
[PASS] testOriginalVideoErase() (gas: 21915623)
Suite result: ok. 11 passed; 0 failed; 0 skipped; finished in 531.74ms (531.10ms CPU time)

Ran 12 tests for test/intermission/Intermission.t.sol:IntermissionTest
[PASS] testFrameEventContainsComputedNativePixelsAndSourceAlias() (gas: 139633631)
[PASS] testMalformedBackgroundResourceRejectsBeforePublishingState() (gas: 41545232)
[PASS] testMalformedSourceAndUnauthorizedCallsRollBack() (gas: 149966537)
[PASS] testNativeEveryEnteringTitleAndNode() (gas: 535508443)
[PASS] testNativeEveryFinishedTitle() (gas: 390857531)
[PASS] testNativeInputSecretRepeatAndCounterQuirks() (gas: 577750974)
[PASS] testNativeNaturalCountingEveryTicAndTimeout() (gas: 193917953)
[PASS] testNativeNumericFormattingAndCandidateFallbacks() (gas: 324864941)
[PASS] testNativeStateAcrossSeparateStorageCallsAndRollback() (gas: 564205294)
[PASS] testNativeZeroTotalsAllSupportedModes() (gas: 354606814)
[PASS] testStartNormalizesCanonicalSnapshotWithoutResettingPointerOrLatches() (gas: 18279)
[PASS] testUnsupportedAndUndefinedDomainsAreExplicit() (gas: 339935)
Suite result: ok. 12 passed; 0 failed; 0 skipped; finished in 3.86s (6.72s CPU time)

Ran 3 tests for test/unit/g_game_lifecycle.t.sol:GGameLifecycleTest
[PASS] testNative_G_ExitLevel() (gas: 610830915)
[PASS] testNative_G_PlayerReborn() (gas: 611228540)
[PASS] testNative_G_SecretExitLevel() (gas: 624263984)
Suite result: ok. 3 passed; 0 failed; 0 skipped; finished in 5.66s (3.25s CPU time)

Ran 16 tests for test/unit/p_mobj.t.sol:PMobjLifecycleTest
[PASS] testNative_P_CheckMissileSpawn() (gas: 611080431)
[PASS] testNative_P_ExplodeMissile() (gas: 611063986)
[PASS] testNative_P_MobjThinker() (gas: 625040866)
[PASS] testNative_P_NightmareRespawn() (gas: 615128507)
[PASS] testNative_P_RemoveMobj() (gas: 677992706)
[PASS] testNative_P_RespawnSpecials() (gas: 624484022)
[PASS] testNative_P_SetMobjState() (gas: 611666413)
[PASS] testNative_P_SpawnBlood() (gas: 612205315)
[PASS] testNative_P_SpawnMapThing() (gas: 611529007)
[PASS] testNative_P_SpawnMissile() (gas: 612755065)
[PASS] testNative_P_SpawnMobj() (gas: 612173825)
[PASS] testNative_P_SpawnPlayer() (gas: 612529051)
[PASS] testNative_P_SpawnPlayerMissile() (gas: 626381482)
[PASS] testNative_P_SpawnPuff() (gas: 612185469)
[PASS] testNative_P_XYMovement() (gas: 624858858)
[PASS] testNative_P_ZMovement() (gas: 637735662)
Suite result: ok. 16 passed; 0 failed; 0 skipped; finished in 6.81s (16.65s CPU time)

Ran 14 tests for test/integration/ProductionUI.t.sol:ProductionUIAdapterTest
[PASS] testConsumerPersistentAttackFaceAndRelease() (gas: 1309399165)
[PASS] testConsumerPersistentDamageDirectionsAndPain() (gas: 717308026)
[PASS] testConsumerPersistentInventoryAndOriginalStaleKeys() (gas: 529458473)
[PASS] testNativeAllPaletteThresholdsAndGamma() (gas: 126807504)
[PASS] testNativeAttackerDirectionsAndOriginalOuchBug() (gas: 68225666)
[PASS] testNativeEveryFaceAssetPixels() (gas: 116610589)
[PASS] testNativeFacePixelsAcrossPainTiers() (gas: 131162782)
[PASS] testNativeFacePrioritiesTrace() (gas: 73226981)
[PASS] testNativeFirstDamageReceiptState() (gas: 62707625)
[PASS] testNativeFullscreenAutomapAndRefresh() (gas: 80629012)
[PASS] testNativeIdlePainAndRestartTrace() (gas: 103946128)
[PASS] testNativeInventoryAndNumericPixels() (gas: 110748914)
[PASS] testNativeNumericEdgesAndSentinels() (gas: 93726172)
[PASS] testNativeSustainedFireAndReleaseTrace() (gas: 80038875)
Suite result: ok. 14 passed; 0 failed; 0 skipped; finished in 6.97s (5.72s CPU time)

Ran 2 tests for test/integration/EpisodeLifecycle.t.sol:EpisodeLifecycleTest
[PASS] testNightmareDefinitionHistoryAcrossReloadedContext() (gas: 4379273571)
[PASS] testOriginalDamageDeathUseAndFollowingTicReload() (gas: 3929472327)
Suite result: ok. 2 passed; 0 failed; 0 skipped; finished in 8.06s (6.94s CPU time)

Ran 16 tests for test/integration/EpisodeStartup.t.sol:EpisodeStartupTest
[PASS] testIdentityDirectoryAndRuntimeOrderAreAuthenticated() (gas: 174710290)
[PASS] testLevelTagsFreeOnlyLevelOwnedAllocations() (gas: 3381830006)
[PASS] testNativeE1M1Compatibility() (gas: 1963029035)
[PASS] testNativeE1M2Baby() (gas: 2621974767)
[PASS] testNativeE1M2Nightmare() (gas: 2748454889)
[PASS] testNativeE1M2NoMonsters() (gas: 2606531021)
[PASS] testNativeE1M2Startup() (gas: 2735990852)
[PASS] testNativeE1M3Startup() (gas: 2564025732)
[PASS] testNativeE1M4Startup() (gas: 2640950930)
[PASS] testNativeE1M5Startup() (gas: 1993574195)
[PASS] testNativeE1M6Startup() (gas: 3083893734)
[PASS] testNativeE1M7Startup() (gas: 4871651262)
[PASS] testNativeE1M8Startup() (gas: 1707879142)
[PASS] testNativeE1M9Startup() (gas: 2496402914)
[PASS] testSelectionDomainRejectsOutsideEpisodeOne() (gas: 39538354)
[PASS] testStrictPolicyChangesNoLogicalSetupOrAllocation() (gas: 2735991072)
Suite result: ok. 16 passed; 0 failed; 0 skipped; finished in 8.06s (26.52s CPU time)

Ran 20 test suites in 8.07s (52.91s CPU time): 154 tests passed, 0 failed, 0 skipped (154 total tests)
