Compiling 93 files with Solc 0.8.37
Solc 0.8.37 finished in 90.11s
Compiler run successful with warnings:
Warning (6335): "at" will be promoted to keyword in the future and will not be allowed as an identifier anymore.
  --> src/doom/v_video.sol:77:41:
   |
77 |     function _short(bytes memory patch, uint256 at) private pure returns (int32) {
   |                                         ^^^^^^^^^^

Warning (6335): "at" will be promoted to keyword in the future and will not be allowed as an identifier anymore.
   --> src/doom/v_video.sol:102:13:
    |
102 |             uint256 at = 8 + uint32(flipped ? width - 1 - col : col) * 4;
    |             ^^^^^^^^^^

Warning (6335): "at" will be promoted to keyword in the future and will not be allowed as an identifier anymore.
  --> src/doom/hu_lib.sol:69:41:
   |
69 |     function patchShort(bytes memory p, uint256 at) internal pure returns (int32) {
   |                                         ^^^^^^^^^^

Warning (6335): "at" will be promoted to keyword in the future and will not be allowed as an identifier anymore.
  --> src/doom/f_finale.sol:77:9:
   |
77 |         uint256 at;
   |         ^^^^^^^^^^

Warning (6335): "at" will be promoted to keyword in the future and will not be allowed as an identifier anymore.
  --> src/doom/p_switch.sol:76:9:
   |
76 |         uint256 at;
   |         ^^^^^^^^^^

Warning (6335): "at" will be promoted to keyword in the future and will not be allowed as an identifier anymore.
   --> src/doom/p_spec.sol:216:9:
    |
216 |         uint256 at;
    |         ^^^^^^^^^^

Warning (6335): "at" will be promoted to keyword in the future and will not be allowed as an identifier anymore.
   --> src/doom/p_spec.sol:383:9:
    |
383 |         uint256 at;
    |         ^^^^^^^^^^

Warning (6335): "at" will be promoted to keyword in the future and will not be allowed as an identifier anymore.
   --> src/doom/p_maputl.sol:285:13:
    |
285 |             uint32 at = C.NULL;
    |             ^^^^^^^^^

Warning (6335): "at" will be promoted to keyword in the future and will not be allowed as an identifier anymore.
   --> src/doom/st_lib.sol:170:36:
    |
170 |     function SHORT(bytes memory p, uint256 at) internal pure returns (int32) {
    |                                    ^^^^^^^^^^

Warning (2319): This declaration shadows a builtin symbol.
  --> src/doom/z_zone.sol:63:5:
   |
63 |     function block(ZoneState memory z, uint32 id) private pure returns (ZoneBlock memory b) {
   |     ^ (Relevant source part starts here and spans across multiple lines).

Warning (2319): This declaration shadows a builtin symbol.
   --> src/doom/hu_lib.sol:145:77:
    |
145 |     function HUlib_addMessageToSText(HuSText memory s, bytes memory prefix, bytes memory msg) internal pure {
    |                                                                             ^^^^^^^^^^^^^^^^

Warning (2319): This declaration shadows a builtin symbol.
   --> src/doom/p_maputl.sol:165:21:
    |
165 |                     uint32 block = uint32(by * c.state.blockmap.width + bx);
    |                     ^^^^^^^^^^^^

Warning (2319): This declaration shadows a builtin symbol.
   --> src/doom/p_enemy.sol:163:13:
    |
163 |             int32 tx = actor.x + info(c, id).speed * xspeed(actor.movedir);
    |             ^^^^^^^^

Warning (2519): This declaration shadows an existing declaration.
   --> src/doom/p_map.sol:407:17:
    |
407 |                 int32 frac = hit.frac - F.FixedDiv(4 * 65536, c.move.attackrange);
    |                 ^^^^^^^^^^
Note: The shadowed declaration is here:
   --> src/doom/p_map.sol:427:13:
    |
427 |             int32 frac = hit.frac - F.FixedDiv(10 * 65536, c.move.attackrange);
    |             ^^^^^^^^^^

Warning (2519): This declaration shadows an existing declaration.
   --> src/doom/p_map.sol:408:17:
    |
408 |                 int32 x = c.path.trace.x + F.FixedMul(c.path.trace.dx, frac);
    |                 ^^^^^^^
Note: The shadowed declaration is here:
   --> src/doom/p_map.sol:428:13:
    |
428 |             int32 x = c.path.trace.x + F.FixedMul(c.path.trace.dx, frac);
    |             ^^^^^^^

Warning (2519): This declaration shadows an existing declaration.
   --> src/doom/p_map.sol:409:17:
    |
409 |                 int32 y = c.path.trace.y + F.FixedMul(c.path.trace.dy, frac);
    |                 ^^^^^^^
Note: The shadowed declaration is here:
   --> src/doom/p_map.sol:429:13:
    |
429 |             int32 y = c.path.trace.y + F.FixedMul(c.path.trace.dy, frac);
    |             ^^^^^^^

Warning (2519): This declaration shadows an existing declaration.
   --> src/doom/p_map.sol:410:17:
    |
410 |                 int32 z = c.move.shootz + F.FixedMul(c.move.aimslope, F.FixedMul(frac, c.move.attackrange));
    |                 ^^^^^^^
Note: The shadowed declaration is here:
   --> src/doom/p_map.sol:430:13:
    |
430 |             int32 z = c.move.shootz + F.FixedMul(c.move.aimslope, F.FixedMul(frac, c.move.attackrange));
    |             ^^^^^^^

Warning (2319): This declaration shadows a builtin symbol.
   --> src/doom/r_things.sol:145:13:
    |
145 |             int32 tx = -(M_Fixed.FixedMul(tr_y, c.rs.viewcos) - M_Fixed.FixedMul(tr_x, c.rs.viewsin));
    |             ^^^^^^^^

Warning (2319): This declaration shadows a builtin symbol.
   --> src/doom/r_things.sol:323:13:
    |
323 |             int32 tx = p.sx - 160 * 65536 - c.resources.spriteoffset[l];
    |             ^^^^^^^^

Warning (2519): This declaration shadows an existing declaration.
   --> src/evm/InputProtocol.sol:145:49:
    |
145 |     function build(GameInputState memory state, uint32 held) internal pure returns (Ticcmd memory) {
    |                                                 ^^^^^^^^^^^
Note: The shadowed declaration is here:
   --> src/evm/InputProtocol.sol:117:5:
    |
117 |     function held(InputRuntimeState memory s, uint32 key) private pure returns (bool) {
    |     ^ (Relevant source part starts here and spans across multiple lines).

Warning (2018): Function state mutability can be restricted to pure
   --> src/doom/p_switch.sol:129:5:
    |
129 |     function P_UseSpecialLine(GameContext memory c, uint32 thing, uint32 line, int32 side)
    |     ^ (Relevant source part starts here and spans across multiple lines).

Warning (2018): Function state mutability can be restricted to pure
   --> src/doom/p_spec.sol:346:5:
    |
346 |     function P_SpawnSpecials(GameContext memory c) internal view {
    |     ^ (Relevant source part starts here and spans across multiple lines).

Warning (2018): Function state mutability can be restricted to pure
   --> src/doom/p_spec.sol:598:5:
    |
598 |     function P_ShootSpecialLine(GameContext memory c, uint32 thing, uint32 line) internal view {
    |     ^ (Relevant source part starts here and spans across multiple lines).

Warning (2018): Function state mutability can be restricted to pure
   --> src/doom/r_plane.sol:123:5:
    |
123 |     function R_MapPlane(RenderContext memory ctx, int32 y, int32 x1, int32 x2) internal view {
    |     ^ (Relevant source part starts here and spans across multiple lines).

Warning (2018): Function state mutability can be restricted to pure
   --> src/evm/DoomGame.sol:388:5:
    |
388 |     function bossFloor(GameContext memory c, int32 tag, FloorType kind) private view returns (bool) {
    |     ^ (Relevant source part starts here and spans across multiple lines).

Warning (2018): Function state mutability can be restricted to pure
   --> src/evm/EpisodeRuntime.sol:165:5:
    |
165 |     function automapStop(GameContext memory c, GameflowState memory f) private view {
    |     ^ (Relevant source part starts here and spans across multiple lines).

Warning (2018): Function state mutability can be restricted to view
  --> test/integration/EpisodeLifecycle.t.sol:64:5:
   |
64 |     function testOriginalDamageDeathUseAndFollowingTicReload() public {
   |     ^ (Relevant source part starts here and spans across multiple lines).

Warning (2018): Function state mutability can be restricted to view
  --> test/integration/EpisodeLifecycle.t.sol:92:5:
   |
92 |     function testNightmareDefinitionHistoryAcrossReloadedContext() public {
   |     ^ (Relevant source part starts here and spans across multiple lines).


Ran 64 tests for test/unit/p_enemy.t.sol:PEnemyTest
[PASS] testNative_A_BabyMetal() (gas: 223556371)
[PASS] testNative_A_BossDeath() (gas: 530015071)
[PASS] testNative_A_BrainAwake() (gas: 222625377)
[PASS] testNative_A_BrainDie() (gas: 222718185)
[PASS] testNative_A_BrainExplode() (gas: 223654829)
[PASS] testNative_A_BrainPain() (gas: 222505199)
[PASS] testNative_A_BrainScream() (gas: 325029704)
[PASS] testNative_A_BrainSpit() (gas: 223287004)
[PASS] testNative_A_BruisAttack() (gas: 236171668)
[PASS] testNative_A_BspiAttack() (gas: 236378131)
[PASS] testNative_A_CPosAttack() (gas: 235828113)
[PASS] testNative_A_CPosRefire() (gas: 235449158)
[PASS] testNative_A_Chase() (gas: 236351517)
[PASS] testNative_A_CloseShotgun2() (gas: 222717575)
[PASS] testNative_A_CyberAttack() (gas: 236379451)
[PASS] testNative_A_Explode() (gas: 222716498)
[PASS] testNative_A_FaceTarget() (gas: 235372506)
[PASS] testNative_A_Fall() (gas: 222504679)
[PASS] testNative_A_FatAttack1() (gas: 224663805)
[PASS] testNative_A_FatAttack2() (gas: 224669434)
[PASS] testNative_A_FatAttack3() (gas: 224739476)
[PASS] testNative_A_FatRaise() (gas: 222590572)
[PASS] testNative_A_Fire() (gas: 222753597)
[PASS] testNative_A_FireCrackle() (gas: 222753487)
[PASS] testNative_A_HeadAttack() (gas: 236264083)
[PASS] testNative_A_Hoof() (gas: 223556019)
[PASS] testNative_A_KeenDie() (gas: 222750744)
[PASS] testNative_A_LoadShotgun2() (gas: 222504121)
[PASS] testNative_A_Look() (gas: 235901640)
[PASS] testNative_A_Metal() (gas: 223555227)
[PASS] testNative_A_OpenShotgun2() (gas: 222503637)
[PASS] testNative_A_Pain() (gas: 222501591)
[PASS] testNative_A_PainAttack() (gas: 250732040)
[PASS] testNative_A_PainDie() (gas: 240787529)
[PASS] testNative_A_PainShootSkull() (gas: 237825721)
[PASS] testNative_A_PlayerScream() (gas: 222507600)
[PASS] testNative_A_PosAttack() (gas: 235827057)
[PASS] testNative_A_SPosAttack() (gas: 236287792)
[PASS] testNative_A_SargAttack() (gas: 235499317)
[PASS] testNative_A_Scream() (gas: 222551055)
[PASS] testNative_A_SkelFist() (gas: 235502119)
[PASS] testNative_A_SkelMissile() (gas: 236383951)
[PASS] testNative_A_SkelWhoosh() (gas: 235380427)
[PASS] testNative_A_SkullAttack() (gas: 235428534)
[PASS] testNative_A_SpawnFly() (gas: 225063092)
[PASS] testNative_A_SpawnSound() (gas: 225064300)
[PASS] testNative_A_SpidRefire() (gas: 235517659)
[PASS] testNative_A_StartFire() (gas: 222752739)
[PASS] testNative_A_Tracer() (gas: 223703198)
[PASS] testNative_A_TroopAttack() (gas: 236263687)
[PASS] testNative_A_VileAttack() (gas: 236067198)
[PASS] testNative_A_VileChase() (gas: 223523463)
[PASS] testNative_A_VileStart() (gas: 222494947)
[PASS] testNative_A_VileTarget() (gas: 236537969)
[PASS] testNative_A_XScream() (gas: 222501327)
[PASS] testNative_PIT_VileCheck() (gas: 222824433)
[PASS] testNative_P_CheckMeleeRange() (gas: 235342741)
[PASS] testNative_P_CheckMissileRange() (gas: 222759130)
[PASS] testNative_P_LookForPlayers() (gas: 222832918)
[PASS] testNative_P_Move() (gas: 222845308)
[PASS] testNative_P_NewChaseDir() (gas: 223361091)
[PASS] testNative_P_NoiseAlert() (gas: 222764204)
[PASS] testNative_P_RecursiveSound() (gas: 222755369)
[PASS] testNative_P_TryWalk() (gas: 222853510)
Suite result: ok. 64 passed; 0 failed; 0 skipped; finished in 4.01s (39.72s CPU time)

Ran 7 tests for test/integration/InputRuntime.t.sol:InputRuntimeAdapterTest
[PASS] testAMOwnsIDDTAndConsumesPanButNotReleases() (gas: 119287267)
[PASS] testArsenalPowersMessagesAndDeferredWarpPersist() (gas: 74995581)
[PASS] testLiveProjectionKeepsLinedefFlagsHeightsAndSectorThingOrder() (gas: 12352492)
[PASS] testMalformedStopNotificationCompletesRawWarpParameters() (gas: 45450541)
[PASS] testNativeKeySetPreservesAliasesAndLowestDigitPriority() (gas: 12506405)
[PASS] testPersistentSplitCheatHUConsumptionAndSpyOrder() (gas: 44930528)
[PASS] testRollbackIncludesParserActorRequestAndUIState() (gas: 60187663)
Suite result: ok. 7 passed; 0 failed; 0 skipped; finished in 5.09s (1.22s CPU time)

Ran 2 tests for test/integration/EpisodeLifecycle.t.sol:EpisodeLifecycleTest
[PASS] testNightmareDefinitionHistoryAcrossReloadedContext() (gas: 4379453703)
[PASS] testOriginalDamageDeathUseAndFollowingTicReload() (gas: 3929911755)
Suite result: ok. 2 passed; 0 failed; 0 skipped; finished in 5.09s (6.07s CPU time)

Ran 3 test suites in 5.09s (14.19s CPU time): 73 tests passed, 0 failed, 0 skipped (73 total tests)
