✔ strict ABI decode and palette expansion only (0.933084ms)
✔ duplicates, out-of-order delivery, gaps and removed logs (0.240833ms)
✔ palette is bound to frame/transaction/address/block with exact RGB8 ABI (1.322ms)
✔ slow older palette receipt cannot overwrite newer Canvas presentation (0.619708ms)
✔ missing/duplicate/reverted receipt palettes fail and invalidated sessions do not paint (0.680041ms)
✔ legacy presentation retains synchronous raw palette and needs no receipt RPC (0.074708ms)
✔ browser uses exact configured decimal/hex budgets without a fixed ceiling (0.756041ms)
✔ old browser configs discover budget from node block metadata (0.094125ms)
✔ invalid configured/node budgets fail without silently substituting a fixed limit (1.40125ms)
✔ episode startup confirms state without consuming sequence; resume reuses deployment (1.825667ms)
✔ new game, restart and pause share the exclusive sequenced Frame channel (0.87975ms)
✔ reverted episode control keeps sequence; invalid selection sends nothing (0.354292ms)
✔ pending control excludes keyboard input until its mined receipt settles (0.192125ms)
✔ old static DOM/autotest remains zero-button WS→receipt→Canvas flow (68.765042ms)
✔ capable deployment still does not initialize merely loading/autotesting (59.349958ms)
✔ actual Start/Stop wiring samples DOM keyboard, pauses on blur, and resumes without duplicate initialize (19.208791ms)
✔ native-zone capable autotest remains static; explicit Start serializes preparation and initialization (62.019708ms)
✔ native-zone prepared reload starts without preparing again (1.311375ms)
✔ nativeZone atomic app needs one startup transaction and retains static/held-frame transport (55.843917ms)
✔ old static app without gas config discovers node budget and preserves zero-input Frames (38.601583ms)
✔ UI profile starts original UI explicitly with selected view and keeps sequence/Frame ABI (1.73ms)
✔ legacy deployment reads only its counter and keeps static zero-button ABI (0.464791ms)
✔ explicit start initializes once, preserves static counter, and reload/resume reuses initialized state (1.801917ms)
✔ single transaction lock rejects overlap during receipt wait (0.466625ms)
✔ connection side effects occur only after valid exclusive command reservation (0.279459ms)
✔ definite revert releases lock and does not consume input sequence (0.172167ms)
✔ send uncertainty halts all subsequent inputs (0.169583ms)
✔ receipt uncertainty halts all subsequent inputs (0.121166ms)
✔ mined invalid Frame consumes counter and invalidates display channel (0.1405ms)
✔ multiple Frame logs invalidate channel while WS/receipt duplicate is accepted once (0.171125ms)
✔ chain invalidation during pending transaction prevents receipt display (0.10075ms)
✔ initialization requires actual confirmed gameStarted and blocks concurrent start (0.133791ms)
✔ uint32 sequence exhaustion and invalid packet fail before transaction submission (0.153167ms)
✔ loop samples held keys once per accepted tic with no in-flight backlog (0.399542ms)
✔ stop during pending tic clears keys and prevents any successor transaction (0.132458ms)
✔ stop during initialization settles initialization but does not send a tic (0.098667ms)
✔ loop error stops and clears held input; successful resume needs explicit Start (0.115167ms)
✔ blur and visibility stop active loop while inactive keys retain browser behavior (0.227542ms)
✔ metadata must be canonical uint32/bool ABI words (0.144208ms)
✔ native-zone Start prepares then initializes under one lock without counters or Frames (0.152459ms)
✔ prepared but uninitialized reload skips preparation and preserves legacy ABI calls (0.101292ms)
✔ Stop during preparation settles it, defers initialization, and resume does not prepare twice (0.140291ms)
✔ prepare revert releases channel while prepare uncertainty prevents initialization (0.115375ms)
✔ initialization revert after preparation permits resume without duplicate preparation (0.107292ms)
✔ preparation must confirm a canonical flag, unchanged counter, and no Frame (0.225042ms)
✔ direct staged Start invalidated during pending preparation never submits initialization (0.105834ms)
✔ nativeZone atomic default uses one initialize and never queries or calls preparation ABI (0.14125ms)
✔ native translation preserves unshifted original key numbers and raw repeat/order (0.986875ms)
✔ ordered event batches retain backlog and encode exact bounded dynamic ABI (0.455542ms)
✔ raw startup is explicit; rendered/no-render packets share sequence and transaction lock (1.064ms)
✔ stop during a pending raw tic settles it then flushes releases in one no-render tic (0.858542ms)
✔ raw failures retain packet and stop without automatic mutation retry (1.523375ms)
✔ raw blur creates releases, preserves pending events and blocks inactive input (0.295625ms)
✔ all valid packets encode exact existing uint32,uint32 ABI (13.95075ms)
✔ reserved and malformed packets/sequences rejected (0.346458ms)
✔ held keys, alias release, modifiers and original lowest-digit priority (0.17ms)
✔ all logical keyboard bits map independently (0.069208ms)
✔ binding handles repeats, focus loss, visibility and disposal (0.237916ms)
ℹ tests 58
ℹ suites 0
ℹ pass 58
ℹ fail 0
ℹ cancelled 0
ℹ skipped 0
ℹ todo 0
ℹ duration_ms 376.429709
