✔ strict ABI decode and palette expansion only (0.922625ms)
✔ duplicates, out-of-order delivery, gaps and removed logs (0.233583ms)
✔ palette is bound to frame/transaction/address/block with exact RGB8 ABI (1.374542ms)
✔ slow older palette receipt cannot overwrite newer Canvas presentation (0.604375ms)
✔ missing/duplicate/reverted receipt palettes fail and invalidated sessions do not paint (0.776583ms)
✔ legacy presentation retains synchronous raw palette and needs no receipt RPC (0.079417ms)
✔ browser uses exact configured decimal/hex budgets without a fixed ceiling (0.730334ms)
✔ old browser configs discover budget from node block metadata (0.095834ms)
✔ invalid configured/node budgets fail without silently substituting a fixed limit (0.877208ms)
✔ episode startup confirms state without consuming sequence; resume reuses deployment (1.286083ms)
✔ new game, restart and pause share the exclusive sequenced Frame channel (0.725417ms)
✔ reverted episode control keeps sequence; invalid selection sends nothing (0.321291ms)
✔ pending control excludes keyboard input until its mined receipt settles (0.173916ms)
✔ old static DOM/autotest remains zero-button WS→receipt→Canvas flow (71.466416ms)
✔ capable deployment still does not initialize merely loading/autotesting (64.808791ms)
✔ actual Start/Stop wiring samples DOM keyboard, pauses on blur, and resumes without duplicate initialize (21.199292ms)
✔ native-zone capable autotest remains static; explicit Start serializes preparation and initialization (64.805833ms)
✔ native-zone prepared reload starts without preparing again (1.35225ms)
✔ nativeZone atomic app needs one startup transaction and retains static/held-frame transport (58.5355ms)
✔ old static app without gas config discovers node budget and preserves zero-input Frames (41.317542ms)
✔ UI profile starts original UI explicitly with selected view and keeps sequence/Frame ABI (1.667584ms)
✔ legacy deployment reads only its counter and keeps static zero-button ABI (0.428375ms)
✔ explicit start initializes once, preserves static counter, and reload/resume reuses initialized state (1.465458ms)
✔ single transaction lock rejects overlap during receipt wait (0.251875ms)
✔ connection side effects occur only after valid exclusive command reservation (0.182083ms)
✔ definite revert releases lock and does not consume input sequence (0.173584ms)
✔ send uncertainty halts all subsequent inputs (0.147125ms)
✔ receipt uncertainty halts all subsequent inputs (0.127875ms)
✔ mined invalid Frame consumes counter and invalidates display channel (0.155625ms)
✔ multiple Frame logs invalidate channel while WS/receipt duplicate is accepted once (0.180791ms)
✔ chain invalidation during pending transaction prevents receipt display (0.108458ms)
✔ initialization requires actual confirmed gameStarted and blocks concurrent start (0.132458ms)
✔ uint32 sequence exhaustion and invalid packet fail before transaction submission (0.125084ms)
✔ loop samples held keys once per accepted tic with no in-flight backlog (0.39625ms)
✔ stop during pending tic clears keys and prevents any successor transaction (0.163167ms)
✔ stop during initialization settles initialization but does not send a tic (0.098ms)
✔ loop error stops and clears held input; successful resume needs explicit Start (0.128208ms)
✔ blur and visibility stop active loop while inactive keys retain browser behavior (0.244ms)
✔ metadata must be canonical uint32/bool ABI words (0.144ms)
✔ native-zone Start prepares then initializes under one lock without counters or Frames (0.158334ms)
✔ prepared but uninitialized reload skips preparation and preserves legacy ABI calls (0.112ms)
✔ Stop during preparation settles it, defers initialization, and resume does not prepare twice (0.19125ms)
✔ prepare revert releases channel while prepare uncertainty prevents initialization (0.144416ms)
✔ initialization revert after preparation permits resume without duplicate preparation (0.117167ms)
✔ preparation must confirm a canonical flag, unchanged counter, and no Frame (0.239958ms)
✔ direct staged Start invalidated during pending preparation never submits initialization (0.09925ms)
✔ nativeZone atomic default uses one initialize and never queries or calls preparation ABI (0.10375ms)
✔ native translation preserves unshifted original key numbers and raw repeat/order (0.870542ms)
✔ ordered event batches retain backlog and encode exact bounded dynamic ABI (0.251792ms)
✔ raw startup is explicit; rendered/no-render packets share sequence and transaction lock (0.908208ms)
✔ stop during a pending raw tic settles it then flushes releases in one no-render tic (0.944583ms)
✔ raw failures retain packet and stop without automatic mutation retry (3.124792ms)
✔ raw blur creates releases, preserves pending events and blocks inactive input (0.270666ms)
✔ all valid packets encode exact existing uint32,uint32 ABI (21.315167ms)
✔ reserved and malformed packets/sequences rejected (0.69975ms)
✔ held keys, alias release, modifiers and original lowest-digit priority (0.21275ms)
✔ all logical keyboard bits map independently (0.074416ms)
✔ binding handles repeats, focus loss, visibility and disposal (0.252708ms)
ℹ tests 58
ℹ suites 0
ℹ pass 58
ℹ fail 0
ℹ cancelled 0
ℹ skipped 0
ℹ todo 0
ℹ duration_ms 414.735
